Component: ARM Compiler 5.05 update 1 (build 106) Tool: armlink [4d0efa]

==============================================================================

Section Cross References

    main.o(i.main) refers to misc.o(i.NVIC_PriorityGroupConfig) for NVIC_PriorityGroupConfig
    main.o(i.main) refers to delay.o(i.delay_init) for delay_init
    main.o(i.main) refers to oled.o(i.OLED_Init) for OLED_Init
    main.o(i.main) refers to led.o(i.LED_Init) for LED_Init
    main.o(i.main) refers to beep.o(i.BEEP_Init) for BEEP_Init
    main.o(i.main) refers to exti.o(i.EXTI0_Init) for EXTI0_Init
    main.o(i.main) refers to timer.o(i.TIM2_Int_Init) for TIM2_Int_Init
    main.o(i.main) refers to zigbee.o(i.Zigbee_Init) for Zigbee_Init
    main.o(i.main) refers to timer.o(i.TIM3_PWM_Init) for TIM3_PWM_Init
    main.o(i.main) refers to delay.o(i.delay_ms) for delay_ms
    main.o(i.main) refers to led.o(.data) for LEDmode
    main.o(i.main) refers to timer.o(.bss) for PWMval
    main.o(i.main) refers to timer.o(.data) for TIM_SetCompare
    system_stm32f4xx.o(i.SystemCoreClockUpdate) refers to system_stm32f4xx.o(.data) for SystemCoreClock
    system_stm32f4xx.o(i.SystemInit) refers to system_stm32f4xx.o(i.SetSysClock) for SetSysClock
    startup_stm32f40_41xxx.o(RESET) refers to startup_stm32f40_41xxx.o(STACK) for __initial_sp
    startup_stm32f40_41xxx.o(RESET) refers to startup_stm32f40_41xxx.o(.text) for Reset_Handler
    startup_stm32f40_41xxx.o(RESET) refers to stm32f4xx_it.o(i.NMI_Handler) for NMI_Handler
    startup_stm32f40_41xxx.o(RESET) refers to stm32f4xx_it.o(i.HardFault_Handler) for HardFault_Handler
    startup_stm32f40_41xxx.o(RESET) refers to stm32f4xx_it.o(i.MemManage_Handler) for MemManage_Handler
    startup_stm32f40_41xxx.o(RESET) refers to stm32f4xx_it.o(i.BusFault_Handler) for BusFault_Handler
    startup_stm32f40_41xxx.o(RESET) refers to stm32f4xx_it.o(i.UsageFault_Handler) for UsageFault_Handler
    startup_stm32f40_41xxx.o(RESET) refers to stm32f4xx_it.o(i.SVC_Handler) for SVC_Handler
    startup_stm32f40_41xxx.o(RESET) refers to stm32f4xx_it.o(i.DebugMon_Handler) for DebugMon_Handler
    startup_stm32f40_41xxx.o(RESET) refers to stm32f4xx_it.o(i.PendSV_Handler) for PendSV_Handler
    startup_stm32f40_41xxx.o(RESET) refers to stm32f4xx_it.o(i.SysTick_Handler) for SysTick_Handler
    startup_stm32f40_41xxx.o(RESET) refers to exti.o(i.EXTI0_IRQHandler) for EXTI0_IRQHandler
    startup_stm32f40_41xxx.o(RESET) refers to exti.o(i.EXTI1_IRQHandler) for EXTI1_IRQHandler
    startup_stm32f40_41xxx.o(RESET) refers to exti.o(i.EXTI2_IRQHandler) for EXTI2_IRQHandler
    startup_stm32f40_41xxx.o(RESET) refers to exti.o(i.EXTI3_IRQHandler) for EXTI3_IRQHandler
    startup_stm32f40_41xxx.o(RESET) refers to timer.o(i.TIM2_IRQHandler) for TIM2_IRQHandler
    startup_stm32f40_41xxx.o(RESET) refers to usart.o(i.USART1_IRQHandler) for USART1_IRQHandler
    startup_stm32f40_41xxx.o(.text) refers to system_stm32f4xx.o(i.SystemInit) for SystemInit
    startup_stm32f40_41xxx.o(.text) refers to entry.o(.ARM.Collect$$$$00000000) for __main
    stm32f4xx_gpio.o(i.GPIO_DeInit) refers to stm32f4xx_rcc.o(i.RCC_AHB1PeriphResetCmd) for RCC_AHB1PeriphResetCmd
    stm32f4xx_rcc.o(i.RCC_GetClocksFreq) refers to stm32f4xx_rcc.o(.data) for APBAHBPrescTable
    stm32f4xx_rcc.o(i.RCC_WaitForHSEStartUp) refers to stm32f4xx_rcc.o(i.RCC_GetFlagStatus) for RCC_GetFlagStatus
    stm32f4xx_syscfg.o(i.SYSCFG_DeInit) refers to stm32f4xx_rcc.o(i.RCC_APB2PeriphResetCmd) for RCC_APB2PeriphResetCmd
    stm32f4xx_usart.o(i.USART_DeInit) refers to stm32f4xx_rcc.o(i.RCC_APB2PeriphResetCmd) for RCC_APB2PeriphResetCmd
    stm32f4xx_usart.o(i.USART_DeInit) refers to stm32f4xx_rcc.o(i.RCC_APB1PeriphResetCmd) for RCC_APB1PeriphResetCmd
    stm32f4xx_usart.o(i.USART_Init) refers to stm32f4xx_rcc.o(i.RCC_GetClocksFreq) for RCC_GetClocksFreq
    stm32f4xx_tim.o(i.TIM_DeInit) refers to stm32f4xx_rcc.o(i.RCC_APB2PeriphResetCmd) for RCC_APB2PeriphResetCmd
    stm32f4xx_tim.o(i.TIM_DeInit) refers to stm32f4xx_rcc.o(i.RCC_APB1PeriphResetCmd) for RCC_APB1PeriphResetCmd
    stm32f4xx_tim.o(i.TIM_ETRClockMode1Config) refers to stm32f4xx_tim.o(i.TIM_ETRConfig) for TIM_ETRConfig
    stm32f4xx_tim.o(i.TIM_ETRClockMode2Config) refers to stm32f4xx_tim.o(i.TIM_ETRConfig) for TIM_ETRConfig
    stm32f4xx_tim.o(i.TIM_ICInit) refers to stm32f4xx_tim.o(i.TI1_Config) for TI1_Config
    stm32f4xx_tim.o(i.TIM_ICInit) refers to stm32f4xx_tim.o(i.TIM_SetIC1Prescaler) for TIM_SetIC1Prescaler
    stm32f4xx_tim.o(i.TIM_ICInit) refers to stm32f4xx_tim.o(i.TI2_Config) for TI2_Config
    stm32f4xx_tim.o(i.TIM_ICInit) refers to stm32f4xx_tim.o(i.TIM_SetIC2Prescaler) for TIM_SetIC2Prescaler
    stm32f4xx_tim.o(i.TIM_ICInit) refers to stm32f4xx_tim.o(i.TI3_Config) for TI3_Config
    stm32f4xx_tim.o(i.TIM_ICInit) refers to stm32f4xx_tim.o(i.TIM_SetIC3Prescaler) for TIM_SetIC3Prescaler
    stm32f4xx_tim.o(i.TIM_ICInit) refers to stm32f4xx_tim.o(i.TI4_Config) for TI4_Config
    stm32f4xx_tim.o(i.TIM_ICInit) refers to stm32f4xx_tim.o(i.TIM_SetIC4Prescaler) for TIM_SetIC4Prescaler
    stm32f4xx_tim.o(i.TIM_ITRxExternalClockConfig) refers to stm32f4xx_tim.o(i.TIM_SelectInputTrigger) for TIM_SelectInputTrigger
    stm32f4xx_tim.o(i.TIM_PWMIConfig) refers to stm32f4xx_tim.o(i.TI1_Config) for TI1_Config
    stm32f4xx_tim.o(i.TIM_PWMIConfig) refers to stm32f4xx_tim.o(i.TIM_SetIC1Prescaler) for TIM_SetIC1Prescaler
    stm32f4xx_tim.o(i.TIM_PWMIConfig) refers to stm32f4xx_tim.o(i.TI2_Config) for TI2_Config
    stm32f4xx_tim.o(i.TIM_PWMIConfig) refers to stm32f4xx_tim.o(i.TIM_SetIC2Prescaler) for TIM_SetIC2Prescaler
    stm32f4xx_tim.o(i.TIM_TIxExternalClockConfig) refers to stm32f4xx_tim.o(i.TI2_Config) for TI2_Config
    stm32f4xx_tim.o(i.TIM_TIxExternalClockConfig) refers to stm32f4xx_tim.o(i.TI1_Config) for TI1_Config
    stm32f4xx_tim.o(i.TIM_TIxExternalClockConfig) refers to stm32f4xx_tim.o(i.TIM_SelectInputTrigger) for TIM_SelectInputTrigger
    usart.o(i.Analyse_Custom_Data) refers to led.o(i.LED_Close) for LED_Close
    usart.o(i.Analyse_Custom_Data) refers to led.o(i.LED_Open) for LED_Open
    usart.o(i.Analyse_Custom_Data) refers to led.o(i.LED_Light_Plus) for LED_Light_Plus
    usart.o(i.Analyse_Custom_Data) refers to led.o(i.LED_Light_Minus) for LED_Light_Minus
    usart.o(i.Analyse_Custom_Data) refers to led.o(i.LED_Light_Set) for LED_Light_Set
    usart.o(i.Analyse_Custom_Data) refers to led.o(i.LED_Mode) for LED_Mode
    usart.o(i.Analyse_Custom_Data) refers to usart.o(.bss) for USART1_RX_BUF
    usart.o(i.Send_Custom_Data) refers to stm32f4xx_usart.o(i.USART_SendData) for USART_SendData
    usart.o(i.Send_Custom_Data) refers to stm32f4xx_usart.o(i.USART_GetFlagStatus) for USART_GetFlagStatus
    usart.o(i.Send_Custom_Data) refers to zigbee.o(.data) for SelfLongAddr
    usart.o(i.USART1_IRQHandler) refers to stm32f4xx_usart.o(i.USART_GetITStatus) for USART_GetITStatus
    usart.o(i.USART1_IRQHandler) refers to stm32f4xx_usart.o(i.USART_ReceiveData) for USART_ReceiveData
    usart.o(i.USART1_IRQHandler) refers to usart.o(i.Analyse_Custom_Data) for Analyse_Custom_Data
    usart.o(i.USART1_IRQHandler) refers to usart.o(.data) for USART1_RX_STA
    usart.o(i.USART1_IRQHandler) refers to usart.o(.bss) for USART1_RX_BUF
    usart.o(i.USART1_IRQHandler) refers to zigbee.o(.data) for NetFlag
    usart.o(i.USART1_Init) refers to stm32f4xx_rcc.o(i.RCC_AHB1PeriphClockCmd) for RCC_AHB1PeriphClockCmd
    usart.o(i.USART1_Init) refers to stm32f4xx_rcc.o(i.RCC_APB2PeriphClockCmd) for RCC_APB2PeriphClockCmd
    usart.o(i.USART1_Init) refers to stm32f4xx_gpio.o(i.GPIO_PinAFConfig) for GPIO_PinAFConfig
    usart.o(i.USART1_Init) refers to stm32f4xx_gpio.o(i.GPIO_Init) for GPIO_Init
    usart.o(i.USART1_Init) refers to stm32f4xx_usart.o(i.USART_Init) for USART_Init
    usart.o(i.USART1_Init) refers to stm32f4xx_usart.o(i.USART_Cmd) for USART_Cmd
    usart.o(i.USART1_Init) refers to stm32f4xx_usart.o(i.USART_ClearFlag) for USART_ClearFlag
    usart.o(i.USART1_Init) refers to stm32f4xx_usart.o(i.USART_ITConfig) for USART_ITConfig
    usart.o(i.USART1_Init) refers to misc.o(i.NVIC_Init) for NVIC_Init
    delay.o(i.delay_init) refers to misc.o(i.SysTick_CLKSourceConfig) for SysTick_CLKSourceConfig
    delay.o(i.delay_init) refers to delay.o(.data) for fac_us
    delay.o(i.delay_ms) refers to delay.o(i.delay_xms) for delay_xms
    delay.o(i.delay_us) refers to delay.o(.data) for fac_us
    delay.o(i.delay_xms) refers to delay.o(.data) for fac_ms
    oled.o(i.OLED_Clear) refers to oled.o(i.OLED_Put_Char_8x16) for OLED_Put_Char_8x16
    oled.o(i.OLED_Clear) refers to oled.o(i.OLED_Write_Cmd) for OLED_Write_Cmd
    oled.o(i.OLED_Clear) refers to oled.o(i.OLED_Write_Byte) for OLED_Write_Byte
    oled.o(i.OLED_Init) refers to iic.o(i.IIC_Init) for IIC_Init
    oled.o(i.OLED_Init) refers to delay.o(i.delay_ms) for delay_ms
    oled.o(i.OLED_Init) refers to oled.o(i.OLED_Write_Cmd) for OLED_Write_Cmd
    oled.o(i.OLED_Init) refers to oled.o(i.OLED_Clear) for OLED_Clear
    oled.o(i.OLED_Put_Char_16x16) refers to oled.o(i.OLED_Write_Cmd) for OLED_Write_Cmd
    oled.o(i.OLED_Put_Char_8x16) refers to oled.o(i.OLED_Write_Cmd) for OLED_Write_Cmd
    oled.o(i.OLED_Show_BigNumber) refers to oled.o(i.OLED_Put_Char_8x16) for OLED_Put_Char_8x16
    oled.o(i.OLED_Show_BigNumber) refers to oled.o(i.OLED_Write_Byte) for OLED_Write_Byte
    oled.o(i.OLED_Show_BigNumber) refers to oled.o(.constdata) for bigNumber
    oled.o(i.OLED_Show_Chinese) refers to oled.o(i.OLED_Put_Char_16x16) for OLED_Put_Char_16x16
    oled.o(i.OLED_Show_Chinese) refers to oled.o(i.OLED_Write_Byte) for OLED_Write_Byte
    oled.o(i.OLED_Show_English) refers to oled.o(i.OLED_Put_Char_8x16) for OLED_Put_Char_8x16
    oled.o(i.OLED_Show_English) refers to oled.o(i.OLED_Write_Byte) for OLED_Write_Byte
    oled.o(i.OLED_Show_Number) refers to oled.o(i.OLED_Put_Char_8x16) for OLED_Put_Char_8x16
    oled.o(i.OLED_Show_Number) refers to oled.o(i.OLED_Write_Byte) for OLED_Write_Byte
    oled.o(i.OLED_Show_Number) refers to oled.o(.constdata) for number
    oled.o(i.OLED_Show_Picture) refers to oled.o(i.OLED_Put_Char_8x16) for OLED_Put_Char_8x16
    oled.o(i.OLED_Show_Picture) refers to oled.o(i.OLED_Write_Byte) for OLED_Write_Byte
    oled.o(i.OLED_Write_Byte) refers to iic.o(i.IIC_Start) for IIC_Start
    oled.o(i.OLED_Write_Byte) refers to iic.o(i.IIC_Send_Byte) for IIC_Send_Byte
    oled.o(i.OLED_Write_Byte) refers to iic.o(i.IIC_Wait_Ack) for IIC_Wait_Ack
    oled.o(i.OLED_Write_Byte) refers to iic.o(i.IIC_Stop) for IIC_Stop
    oled.o(i.OLED_Write_Cmd) refers to iic.o(i.IIC_Start) for IIC_Start
    oled.o(i.OLED_Write_Cmd) refers to iic.o(i.IIC_Send_Byte) for IIC_Send_Byte
    oled.o(i.OLED_Write_Cmd) refers to iic.o(i.IIC_Wait_Ack) for IIC_Wait_Ack
    oled.o(i.OLED_Write_Cmd) refers to iic.o(i.IIC_Stop) for IIC_Stop
    iic.o(i.IIC_Ack) refers to delay.o(i.delay_us) for delay_us
    iic.o(i.IIC_Init) refers to stm32f4xx_rcc.o(i.RCC_AHB1PeriphClockCmd) for RCC_AHB1PeriphClockCmd
    iic.o(i.IIC_Init) refers to stm32f4xx_gpio.o(i.GPIO_Init) for GPIO_Init
    iic.o(i.IIC_NAck) refers to delay.o(i.delay_us) for delay_us
    iic.o(i.IIC_Read_Byte) refers to delay.o(i.delay_us) for delay_us
    iic.o(i.IIC_Read_Byte) refers to iic.o(i.IIC_NAck) for IIC_NAck
    iic.o(i.IIC_Read_Byte) refers to iic.o(i.IIC_Ack) for IIC_Ack
    iic.o(i.IIC_Send_Byte) refers to delay.o(i.delay_us) for delay_us
    iic.o(i.IIC_Start) refers to delay.o(i.delay_us) for delay_us
    iic.o(i.IIC_Stop) refers to delay.o(i.delay_us) for delay_us
    iic.o(i.IIC_Wait_Ack) refers to delay.o(i.delay_us) for delay_us
    iic.o(i.IIC_Wait_Ack) refers to iic.o(i.IIC_Stop) for IIC_Stop
    led.o(i.LED_Close) refers to led.o(.data) for LEDmode
    led.o(i.LED_Close) refers to timer.o(.bss) for PWMval
    led.o(i.LED_Init) refers to stm32f4xx_rcc.o(i.RCC_AHB1PeriphClockCmd) for RCC_AHB1PeriphClockCmd
    led.o(i.LED_Init) refers to stm32f4xx_gpio.o(i.GPIO_Init) for GPIO_Init
    led.o(i.LED_Init) refers to stm32f4xx_gpio.o(i.GPIO_SetBits) for GPIO_SetBits
    led.o(i.LED_Light_Minus) refers to timer.o(.bss) for PWMval
    led.o(i.LED_Light_Plus) refers to timer.o(.bss) for PWMval
    led.o(i.LED_Light_Set) refers to timer.o(.bss) for PWMval
    led.o(i.LED_Mode) refers to delay.o(i.delay_ms) for delay_ms
    led.o(i.LED_Mode) refers to timer.o(.bss) for PWMval
    led.o(i.LED_Mode) refers to led.o(.data) for direction
    led.o(i.LED_Mode) refers to timer.o(.data) for TIM_SetCompare
    led.o(i.LED_Open) refers to timer.o(.bss) for PWMval
    led.o(i.LED_Test) refers to stm32f4xx_gpio.o(i.GPIO_ResetBits) for GPIO_ResetBits
    led.o(i.LED_Test) refers to delay.o(i.delay_ms) for delay_ms
    led.o(i.LED_Test) refers to stm32f4xx_gpio.o(i.GPIO_SetBits) for GPIO_SetBits
    zigbee.o(i.Get_State) refers to stm32f4xx_usart.o(i.USART_SendData) for USART_SendData
    zigbee.o(i.Get_State) refers to stm32f4xx_usart.o(i.USART_GetFlagStatus) for USART_GetFlagStatus
    zigbee.o(i.Get_State) refers to usart.o(.bss) for USART1_RX_BUF
    zigbee.o(i.Get_State) refers to zigbee.o(.data) for SelfLongAddr
    zigbee.o(i.OpenNet) refers to delay.o(i.delay_ms) for delay_ms
    zigbee.o(i.OpenNet) refers to stm32f4xx_usart.o(i.USART_SendData) for USART_SendData
    zigbee.o(i.OpenNet) refers to stm32f4xx_usart.o(i.USART_GetFlagStatus) for USART_GetFlagStatus
    zigbee.o(i.OpenNet) refers to zigbee.o(.data) for NetFlag
    zigbee.o(i.OpenNet) refers to usart.o(.bss) for USART1_RX_BUF
    zigbee.o(i.Set_SendDirection) refers to memcpya.o(.text) for __aeabi_memcpy4
    zigbee.o(i.Set_SendDirection) refers to delay.o(i.delay_ms) for delay_ms
    zigbee.o(i.Set_SendDirection) refers to stm32f4xx_usart.o(i.USART_SendData) for USART_SendData
    zigbee.o(i.Set_SendDirection) refers to stm32f4xx_usart.o(i.USART_GetFlagStatus) for USART_GetFlagStatus
    zigbee.o(i.Set_SendDirection) refers to usart.o(.bss) for USART1_RX_BUF
    zigbee.o(i.Upload_Address) refers to usart.o(i.Send_Custom_Data) for Send_Custom_Data
    zigbee.o(i.Upload_Address) refers to delay.o(i.delay_ms) for delay_ms
    zigbee.o(i.Upload_Address) refers to zigbee.o(.data) for SelfShortAddr
    zigbee.o(i.Upload_Address) refers to usart.o(.bss) for USART1_RX_BUF
    zigbee.o(i.Zigbee_Change_Mode) refers to delay.o(i.delay_ms) for delay_ms
    zigbee.o(i.Zigbee_Change_Mode) refers to stm32f4xx_usart.o(i.USART_SendData) for USART_SendData
    zigbee.o(i.Zigbee_Change_Mode) refers to stm32f4xx_usart.o(i.USART_GetFlagStatus) for USART_GetFlagStatus
    zigbee.o(i.Zigbee_Change_Mode) refers to usart.o(.bss) for USART1_RX_BUF
    zigbee.o(i.Zigbee_Init) refers to delay.o(i.delay_ms) for delay_ms
    zigbee.o(i.Zigbee_Init) refers to usart.o(i.USART1_Init) for USART1_Init
    zigbee.o(i.Zigbee_Init) refers to zigbee.o(i.Zigbee_Change_Mode) for Zigbee_Change_Mode
    zigbee.o(i.Zigbee_Init) refers to zigbee.o(i.Set_SendDirection) for Set_SendDirection
    zigbee.o(i.Zigbee_Init) refers to zigbee.o(i.OpenNet) for OpenNet
    zigbee.o(i.Zigbee_Init) refers to zigbee.o(i.Upload_Address) for Upload_Address
    beep.o(i.BEEP_Init) refers to stm32f4xx_rcc.o(i.RCC_AHB1PeriphClockCmd) for RCC_AHB1PeriphClockCmd
    beep.o(i.BEEP_Init) refers to stm32f4xx_gpio.o(i.GPIO_Init) for GPIO_Init
    beep.o(i.BEEP_Init) refers to stm32f4xx_gpio.o(i.GPIO_ResetBits) for GPIO_ResetBits
    beep.o(i.BEEP_Test) refers to stm32f4xx_gpio.o(i.GPIO_SetBits) for GPIO_SetBits
    beep.o(i.BEEP_Test) refers to delay.o(i.delay_ms) for delay_ms
    beep.o(i.BEEP_Test) refers to stm32f4xx_gpio.o(i.GPIO_ResetBits) for GPIO_ResetBits
    timer.o(i.TIM2_IRQHandler) refers to stm32f4xx_tim.o(i.TIM_GetITStatus) for TIM_GetITStatus
    timer.o(i.TIM2_IRQHandler) refers to stm32f4xx_tim.o(i.TIM_ClearITPendingBit) for TIM_ClearITPendingBit
    timer.o(i.TIM2_IRQHandler) refers to timer.o(.data) for MilliSecond
    timer.o(i.TIM2_Int_Init) refers to stm32f4xx_rcc.o(i.RCC_APB1PeriphClockCmd) for RCC_APB1PeriphClockCmd
    timer.o(i.TIM2_Int_Init) refers to stm32f4xx_tim.o(i.TIM_TimeBaseInit) for TIM_TimeBaseInit
    timer.o(i.TIM2_Int_Init) refers to stm32f4xx_tim.o(i.TIM_ITConfig) for TIM_ITConfig
    timer.o(i.TIM2_Int_Init) refers to misc.o(i.NVIC_Init) for NVIC_Init
    timer.o(i.TIM2_Int_Init) refers to stm32f4xx_tim.o(i.TIM_Cmd) for TIM_Cmd
    timer.o(i.TIM3_PWM_Init) refers to stm32f4xx_rcc.o(i.RCC_APB1PeriphClockCmd) for RCC_APB1PeriphClockCmd
    timer.o(i.TIM3_PWM_Init) refers to stm32f4xx_rcc.o(i.RCC_AHB1PeriphClockCmd) for RCC_AHB1PeriphClockCmd
    timer.o(i.TIM3_PWM_Init) refers to stm32f4xx_gpio.o(i.GPIO_PinAFConfig) for GPIO_PinAFConfig
    timer.o(i.TIM3_PWM_Init) refers to stm32f4xx_gpio.o(i.GPIO_Init) for GPIO_Init
    timer.o(i.TIM3_PWM_Init) refers to stm32f4xx_tim.o(i.TIM_TimeBaseInit) for TIM_TimeBaseInit
    timer.o(i.TIM3_PWM_Init) refers to stm32f4xx_tim.o(i.TIM_OC1Init) for TIM_OC1Init
    timer.o(i.TIM3_PWM_Init) refers to stm32f4xx_tim.o(i.TIM_OC2Init) for TIM_OC2Init
    timer.o(i.TIM3_PWM_Init) refers to stm32f4xx_tim.o(i.TIM_OC3Init) for TIM_OC3Init
    timer.o(i.TIM3_PWM_Init) refers to stm32f4xx_tim.o(i.TIM_OC4Init) for TIM_OC4Init
    timer.o(i.TIM3_PWM_Init) refers to stm32f4xx_tim.o(i.TIM_OC1PreloadConfig) for TIM_OC1PreloadConfig
    timer.o(i.TIM3_PWM_Init) refers to stm32f4xx_tim.o(i.TIM_OC2PreloadConfig) for TIM_OC2PreloadConfig
    timer.o(i.TIM3_PWM_Init) refers to stm32f4xx_tim.o(i.TIM_OC3PreloadConfig) for TIM_OC3PreloadConfig
    timer.o(i.TIM3_PWM_Init) refers to stm32f4xx_tim.o(i.TIM_OC4PreloadConfig) for TIM_OC4PreloadConfig
    timer.o(i.TIM3_PWM_Init) refers to stm32f4xx_tim.o(i.TIM_ARRPreloadConfig) for TIM_ARRPreloadConfig
    timer.o(i.TIM3_PWM_Init) refers to stm32f4xx_tim.o(i.TIM_Cmd) for TIM_Cmd
    timer.o(.data) refers to stm32f4xx_tim.o(i.TIM_SetCompare1) for TIM_SetCompare1
    timer.o(.data) refers to stm32f4xx_tim.o(i.TIM_SetCompare2) for TIM_SetCompare2
    timer.o(.data) refers to stm32f4xx_tim.o(i.TIM_SetCompare3) for TIM_SetCompare3
    timer.o(.data) refers to stm32f4xx_tim.o(i.TIM_SetCompare4) for TIM_SetCompare4
    exti.o(i.EXTI0_IRQHandler) refers to stm32f4xx_exti.o(i.EXTI_GetITStatus) for EXTI_GetITStatus
    exti.o(i.EXTI0_IRQHandler) refers to stm32f4xx_exti.o(i.EXTI_ClearITPendingBit) for EXTI_ClearITPendingBit
    exti.o(i.EXTI0_IRQHandler) refers to led.o(i.LED_Open) for LED_Open
    exti.o(i.EXTI0_IRQHandler) refers to led.o(i.LED_Close) for LED_Close
    exti.o(i.EXTI0_IRQHandler) refers to timer.o(.data) for MilliSecond
    exti.o(i.EXTI0_IRQHandler) refers to timer.o(.bss) for PWMval
    exti.o(i.EXTI0_Init) refers to stm32f4xx_rcc.o(i.RCC_AHB1PeriphClockCmd) for RCC_AHB1PeriphClockCmd
    exti.o(i.EXTI0_Init) refers to stm32f4xx_gpio.o(i.GPIO_Init) for GPIO_Init
    exti.o(i.EXTI0_Init) refers to stm32f4xx_rcc.o(i.RCC_APB2PeriphClockCmd) for RCC_APB2PeriphClockCmd
    exti.o(i.EXTI0_Init) refers to stm32f4xx_syscfg.o(i.SYSCFG_EXTILineConfig) for SYSCFG_EXTILineConfig
    exti.o(i.EXTI0_Init) refers to stm32f4xx_exti.o(i.EXTI_Init) for EXTI_Init
    exti.o(i.EXTI0_Init) refers to misc.o(i.NVIC_Init) for NVIC_Init
    exti.o(i.EXTI1_IRQHandler) refers to stm32f4xx_exti.o(i.EXTI_GetITStatus) for EXTI_GetITStatus
    exti.o(i.EXTI1_IRQHandler) refers to led.o(i.LED_Open) for LED_Open
    exti.o(i.EXTI1_IRQHandler) refers to led.o(i.LED_Close) for LED_Close
    exti.o(i.EXTI1_IRQHandler) refers to stm32f4xx_exti.o(i.EXTI_ClearITPendingBit) for EXTI_ClearITPendingBit
    exti.o(i.EXTI1_IRQHandler) refers to timer.o(.data) for MilliSecond
    exti.o(i.EXTI1_IRQHandler) refers to timer.o(.bss) for PWMval
    exti.o(i.EXTI2_IRQHandler) refers to stm32f4xx_exti.o(i.EXTI_GetITStatus) for EXTI_GetITStatus
    exti.o(i.EXTI2_IRQHandler) refers to led.o(i.LED_Open) for LED_Open
    exti.o(i.EXTI2_IRQHandler) refers to led.o(i.LED_Close) for LED_Close
    exti.o(i.EXTI2_IRQHandler) refers to stm32f4xx_exti.o(i.EXTI_ClearITPendingBit) for EXTI_ClearITPendingBit
    exti.o(i.EXTI2_IRQHandler) refers to timer.o(.data) for MilliSecond
    exti.o(i.EXTI2_IRQHandler) refers to timer.o(.bss) for PWMval
    exti.o(i.EXTI3_IRQHandler) refers to stm32f4xx_exti.o(i.EXTI_GetITStatus) for EXTI_GetITStatus
    exti.o(i.EXTI3_IRQHandler) refers to led.o(i.LED_Open) for LED_Open
    exti.o(i.EXTI3_IRQHandler) refers to led.o(i.LED_Close) for LED_Close
    exti.o(i.EXTI3_IRQHandler) refers to stm32f4xx_exti.o(i.EXTI_ClearITPendingBit) for EXTI_ClearITPendingBit
    exti.o(i.EXTI3_IRQHandler) refers to timer.o(.data) for MilliSecond
    exti.o(i.EXTI3_IRQHandler) refers to timer.o(.bss) for PWMval
    entry.o(.ARM.Collect$$$$00000000) refers (Special) to entry10a.o(.ARM.Collect$$$$0000000D) for __rt_final_cpp
    entry.o(.ARM.Collect$$$$00000000) refers (Special) to entry11a.o(.ARM.Collect$$$$0000000F) for __rt_final_exit
    entry.o(.ARM.Collect$$$$00000000) refers (Special) to entry7b.o(.ARM.Collect$$$$00000008) for _main_clock
    entry.o(.ARM.Collect$$$$00000000) refers (Special) to entry8b.o(.ARM.Collect$$$$0000000A) for _main_cpp_init
    entry.o(.ARM.Collect$$$$00000000) refers (Special) to entry9a.o(.ARM.Collect$$$$0000000B) for _main_init
    entry.o(.ARM.Collect$$$$00000000) refers (Special) to entry5.o(.ARM.Collect$$$$00000004) for _main_scatterload
    entry.o(.ARM.Collect$$$$00000000) refers (Special) to entry2.o(.ARM.Collect$$$$00000001) for _main_stk
    entry2.o(.ARM.Collect$$$$00000001) refers to entry2.o(.ARM.Collect$$$$00002712) for __lit__00000000
    entry2.o(.ARM.Collect$$$$00002712) refers to startup_stm32f40_41xxx.o(STACK) for __initial_sp
    entry2.o(__vectab_stack_and_reset_area) refers to startup_stm32f40_41xxx.o(STACK) for __initial_sp
    entry2.o(__vectab_stack_and_reset_area) refers to entry.o(.ARM.Collect$$$$00000000) for __main
    entry5.o(.ARM.Collect$$$$00000004) refers to init.o(.text) for __scatterload
    entry9a.o(.ARM.Collect$$$$0000000B) refers to main.o(i.main) for main
    entry9b.o(.ARM.Collect$$$$0000000C) refers to main.o(i.main) for main
    init.o(.text) refers to entry5.o(.ARM.Collect$$$$00000004) for __main_after_scatterload


==============================================================================

Removing Unused input sections from the image.

    Removing main.o(.rev16_text), (4 bytes).
    Removing main.o(.revsh_text), (4 bytes).
    Removing main.o(.constdata), (480 bytes).
    Removing stm32f4xx_it.o(.rev16_text), (4 bytes).
    Removing stm32f4xx_it.o(.revsh_text), (4 bytes).
    Removing system_stm32f4xx.o(.rev16_text), (4 bytes).
    Removing system_stm32f4xx.o(.revsh_text), (4 bytes).
    Removing system_stm32f4xx.o(i.SystemCoreClockUpdate), (192 bytes).
    Removing system_stm32f4xx.o(.data), (20 bytes).
    Removing startup_stm32f40_41xxx.o(HEAP), (512 bytes).
    Removing misc.o(.rev16_text), (4 bytes).
    Removing misc.o(.revsh_text), (4 bytes).
    Removing misc.o(i.NVIC_SetVectorTable), (20 bytes).
    Removing misc.o(i.NVIC_SystemLPConfig), (32 bytes).
    Removing stm32f4xx_gpio.o(.rev16_text), (4 bytes).
    Removing stm32f4xx_gpio.o(.revsh_text), (4 bytes).
    Removing stm32f4xx_gpio.o(i.GPIO_DeInit), (312 bytes).
    Removing stm32f4xx_gpio.o(i.GPIO_PinLockConfig), (34 bytes).
    Removing stm32f4xx_gpio.o(i.GPIO_ReadInputData), (8 bytes).
    Removing stm32f4xx_gpio.o(i.GPIO_ReadInputDataBit), (18 bytes).
    Removing stm32f4xx_gpio.o(i.GPIO_ReadOutputData), (8 bytes).
    Removing stm32f4xx_gpio.o(i.GPIO_ReadOutputDataBit), (18 bytes).
    Removing stm32f4xx_gpio.o(i.GPIO_StructInit), (18 bytes).
    Removing stm32f4xx_gpio.o(i.GPIO_ToggleBits), (8 bytes).
    Removing stm32f4xx_gpio.o(i.GPIO_Write), (4 bytes).
    Removing stm32f4xx_gpio.o(i.GPIO_WriteBit), (10 bytes).
    Removing stm32f4xx_rcc.o(.rev16_text), (4 bytes).
    Removing stm32f4xx_rcc.o(.revsh_text), (4 bytes).
    Removing stm32f4xx_rcc.o(i.RCC_AHB1PeriphClockLPModeCmd), (32 bytes).
    Removing stm32f4xx_rcc.o(i.RCC_AHB1PeriphResetCmd), (32 bytes).
    Removing stm32f4xx_rcc.o(i.RCC_AHB2PeriphClockCmd), (32 bytes).
    Removing stm32f4xx_rcc.o(i.RCC_AHB2PeriphClockLPModeCmd), (32 bytes).
    Removing stm32f4xx_rcc.o(i.RCC_AHB2PeriphResetCmd), (32 bytes).
    Removing stm32f4xx_rcc.o(i.RCC_AHB3PeriphClockCmd), (32 bytes).
    Removing stm32f4xx_rcc.o(i.RCC_AHB3PeriphClockLPModeCmd), (32 bytes).
    Removing stm32f4xx_rcc.o(i.RCC_AHB3PeriphResetCmd), (32 bytes).
    Removing stm32f4xx_rcc.o(i.RCC_APB1PeriphClockLPModeCmd), (32 bytes).
    Removing stm32f4xx_rcc.o(i.RCC_APB1PeriphResetCmd), (32 bytes).
    Removing stm32f4xx_rcc.o(i.RCC_APB2PeriphClockLPModeCmd), (32 bytes).
    Removing stm32f4xx_rcc.o(i.RCC_APB2PeriphResetCmd), (32 bytes).
    Removing stm32f4xx_rcc.o(i.RCC_AdjustHSICalibrationValue), (24 bytes).
    Removing stm32f4xx_rcc.o(i.RCC_BackupResetCmd), (12 bytes).
    Removing stm32f4xx_rcc.o(i.RCC_ClearFlag), (20 bytes).
    Removing stm32f4xx_rcc.o(i.RCC_ClearITPendingBit), (12 bytes).
    Removing stm32f4xx_rcc.o(i.RCC_ClockSecuritySystemCmd), (12 bytes).
    Removing stm32f4xx_rcc.o(i.RCC_DeInit), (100 bytes).
    Removing stm32f4xx_rcc.o(i.RCC_GetFlagStatus), (64 bytes).
    Removing stm32f4xx_rcc.o(i.RCC_GetITStatus), (24 bytes).
    Removing stm32f4xx_rcc.o(i.RCC_GetSYSCLKSource), (16 bytes).
    Removing stm32f4xx_rcc.o(i.RCC_HCLKConfig), (24 bytes).
    Removing stm32f4xx_rcc.o(i.RCC_HSEConfig), (16 bytes).
    Removing stm32f4xx_rcc.o(i.RCC_HSICmd), (12 bytes).
    Removing stm32f4xx_rcc.o(i.RCC_I2SCLKConfig), (12 bytes).
    Removing stm32f4xx_rcc.o(i.RCC_ITConfig), (32 bytes).
    Removing stm32f4xx_rcc.o(i.RCC_LSEConfig), (44 bytes).
    Removing stm32f4xx_rcc.o(i.RCC_LSEModeConfig), (36 bytes).
    Removing stm32f4xx_rcc.o(i.RCC_LSICmd), (12 bytes).
    Removing stm32f4xx_rcc.o(i.RCC_LTDCCLKDivConfig), (24 bytes).
    Removing stm32f4xx_rcc.o(i.RCC_MCO1Config), (28 bytes).
    Removing stm32f4xx_rcc.o(i.RCC_MCO2Config), (28 bytes).
    Removing stm32f4xx_rcc.o(i.RCC_PCLK1Config), (24 bytes).
    Removing stm32f4xx_rcc.o(i.RCC_PCLK2Config), (24 bytes).
    Removing stm32f4xx_rcc.o(i.RCC_PLLCmd), (12 bytes).
    Removing stm32f4xx_rcc.o(i.RCC_PLLConfig), (36 bytes).
    Removing stm32f4xx_rcc.o(i.RCC_PLLI2SCmd), (12 bytes).
    Removing stm32f4xx_rcc.o(i.RCC_PLLI2SConfig), (16 bytes).
    Removing stm32f4xx_rcc.o(i.RCC_PLLSAICmd), (12 bytes).
    Removing stm32f4xx_rcc.o(i.RCC_PLLSAIConfig), (24 bytes).
    Removing stm32f4xx_rcc.o(i.RCC_RTCCLKCmd), (12 bytes).
    Removing stm32f4xx_rcc.o(i.RCC_RTCCLKConfig), (60 bytes).
    Removing stm32f4xx_rcc.o(i.RCC_SAIBlockACLKConfig), (24 bytes).
    Removing stm32f4xx_rcc.o(i.RCC_SAIBlockBCLKConfig), (24 bytes).
    Removing stm32f4xx_rcc.o(i.RCC_SAIPLLI2SClkDivConfig), (28 bytes).
    Removing stm32f4xx_rcc.o(i.RCC_SAIPLLSAIClkDivConfig), (28 bytes).
    Removing stm32f4xx_rcc.o(i.RCC_SYSCLKConfig), (24 bytes).
    Removing stm32f4xx_rcc.o(i.RCC_TIMCLKPresConfig), (12 bytes).
    Removing stm32f4xx_rcc.o(i.RCC_WaitForHSEStartUp), (56 bytes).
    Removing stm32f4xx_syscfg.o(.rev16_text), (4 bytes).
    Removing stm32f4xx_syscfg.o(.revsh_text), (4 bytes).
    Removing stm32f4xx_syscfg.o(i.SYSCFG_CompensationCellCmd), (12 bytes).
    Removing stm32f4xx_syscfg.o(i.SYSCFG_DeInit), (22 bytes).
    Removing stm32f4xx_syscfg.o(i.SYSCFG_ETH_MediaInterfaceConfig), (12 bytes).
    Removing stm32f4xx_syscfg.o(i.SYSCFG_GetCompensationCellStatus), (24 bytes).
    Removing stm32f4xx_syscfg.o(i.SYSCFG_MemoryRemapConfig), (12 bytes).
    Removing stm32f4xx_syscfg.o(i.SYSCFG_MemorySwappingBank), (12 bytes).
    Removing stm32f4xx_usart.o(.rev16_text), (4 bytes).
    Removing stm32f4xx_usart.o(.revsh_text), (4 bytes).
    Removing stm32f4xx_usart.o(i.USART_ClearITPendingBit), (30 bytes).
    Removing stm32f4xx_usart.o(i.USART_ClockInit), (32 bytes).
    Removing stm32f4xx_usart.o(i.USART_ClockStructInit), (12 bytes).
    Removing stm32f4xx_usart.o(i.USART_DMACmd), (18 bytes).
    Removing stm32f4xx_usart.o(i.USART_DeInit), (240 bytes).
    Removing stm32f4xx_usart.o(i.USART_HalfDuplexCmd), (24 bytes).
    Removing stm32f4xx_usart.o(i.USART_IrDACmd), (24 bytes).
    Removing stm32f4xx_usart.o(i.USART_IrDAConfig), (18 bytes).
    Removing stm32f4xx_usart.o(i.USART_LINBreakDetectLengthConfig), (18 bytes).
    Removing stm32f4xx_usart.o(i.USART_LINCmd), (24 bytes).
    Removing stm32f4xx_usart.o(i.USART_OneBitMethodCmd), (24 bytes).
    Removing stm32f4xx_usart.o(i.USART_OverSampling8Cmd), (22 bytes).
    Removing stm32f4xx_usart.o(i.USART_ReceiverWakeUpCmd), (24 bytes).
    Removing stm32f4xx_usart.o(i.USART_SendBreak), (10 bytes).
    Removing stm32f4xx_usart.o(i.USART_SetAddress), (18 bytes).
    Removing stm32f4xx_usart.o(i.USART_SetGuardTime), (16 bytes).
    Removing stm32f4xx_usart.o(i.USART_SetPrescaler), (16 bytes).
    Removing stm32f4xx_usart.o(i.USART_SmartCardCmd), (24 bytes).
    Removing stm32f4xx_usart.o(i.USART_SmartCardNACKCmd), (24 bytes).
    Removing stm32f4xx_usart.o(i.USART_StructInit), (24 bytes).
    Removing stm32f4xx_usart.o(i.USART_WakeUpConfig), (18 bytes).
    Removing stm32f4xx_exti.o(.rev16_text), (4 bytes).
    Removing stm32f4xx_exti.o(.revsh_text), (4 bytes).
    Removing stm32f4xx_exti.o(i.EXTI_ClearFlag), (12 bytes).
    Removing stm32f4xx_exti.o(i.EXTI_DeInit), (36 bytes).
    Removing stm32f4xx_exti.o(i.EXTI_GenerateSWInterrupt), (16 bytes).
    Removing stm32f4xx_exti.o(i.EXTI_GetFlagStatus), (24 bytes).
    Removing stm32f4xx_exti.o(i.EXTI_StructInit), (16 bytes).
    Removing stm32f4xx_tim.o(.rev16_text), (4 bytes).
    Removing stm32f4xx_tim.o(.revsh_text), (4 bytes).
    Removing stm32f4xx_tim.o(i.TI1_Config), (58 bytes).
    Removing stm32f4xx_tim.o(i.TI2_Config), (80 bytes).
    Removing stm32f4xx_tim.o(i.TI3_Config), (72 bytes).
    Removing stm32f4xx_tim.o(i.TI4_Config), (80 bytes).
    Removing stm32f4xx_tim.o(i.TIM_BDTRConfig), (32 bytes).
    Removing stm32f4xx_tim.o(i.TIM_BDTRStructInit), (18 bytes).
    Removing stm32f4xx_tim.o(i.TIM_CCPreloadControl), (24 bytes).
    Removing stm32f4xx_tim.o(i.TIM_CCxCmd), (30 bytes).
    Removing stm32f4xx_tim.o(i.TIM_CCxNCmd), (30 bytes).
    Removing stm32f4xx_tim.o(i.TIM_ClearFlag), (6 bytes).
    Removing stm32f4xx_tim.o(i.TIM_ClearOC1Ref), (18 bytes).
    Removing stm32f4xx_tim.o(i.TIM_ClearOC2Ref), (24 bytes).
    Removing stm32f4xx_tim.o(i.TIM_ClearOC3Ref), (18 bytes).
    Removing stm32f4xx_tim.o(i.TIM_ClearOC4Ref), (24 bytes).
    Removing stm32f4xx_tim.o(i.TIM_CounterModeConfig), (18 bytes).
    Removing stm32f4xx_tim.o(i.TIM_CtrlPWMOutputs), (30 bytes).
    Removing stm32f4xx_tim.o(i.TIM_DMACmd), (18 bytes).
    Removing stm32f4xx_tim.o(i.TIM_DMAConfig), (10 bytes).
    Removing stm32f4xx_tim.o(i.TIM_DeInit), (400 bytes).
    Removing stm32f4xx_tim.o(i.TIM_ETRClockMode1Config), (54 bytes).
    Removing stm32f4xx_tim.o(i.TIM_ETRClockMode2Config), (32 bytes).
    Removing stm32f4xx_tim.o(i.TIM_ETRConfig), (28 bytes).
    Removing stm32f4xx_tim.o(i.TIM_EncoderInterfaceConfig), (66 bytes).
    Removing stm32f4xx_tim.o(i.TIM_ForcedOC1Config), (18 bytes).
    Removing stm32f4xx_tim.o(i.TIM_ForcedOC2Config), (26 bytes).
    Removing stm32f4xx_tim.o(i.TIM_ForcedOC3Config), (18 bytes).
    Removing stm32f4xx_tim.o(i.TIM_ForcedOC4Config), (26 bytes).
    Removing stm32f4xx_tim.o(i.TIM_GenerateEvent), (4 bytes).
    Removing stm32f4xx_tim.o(i.TIM_GetCapture1), (6 bytes).
    Removing stm32f4xx_tim.o(i.TIM_GetCapture2), (6 bytes).
    Removing stm32f4xx_tim.o(i.TIM_GetCapture3), (6 bytes).
    Removing stm32f4xx_tim.o(i.TIM_GetCapture4), (6 bytes).
    Removing stm32f4xx_tim.o(i.TIM_GetCounter), (6 bytes).
    Removing stm32f4xx_tim.o(i.TIM_GetFlagStatus), (18 bytes).
    Removing stm32f4xx_tim.o(i.TIM_GetPrescaler), (6 bytes).
    Removing stm32f4xx_tim.o(i.TIM_ICInit), (110 bytes).
    Removing stm32f4xx_tim.o(i.TIM_ICStructInit), (18 bytes).
    Removing stm32f4xx_tim.o(i.TIM_ITRxExternalClockConfig), (24 bytes).
    Removing stm32f4xx_tim.o(i.TIM_InternalClockConfig), (12 bytes).
    Removing stm32f4xx_tim.o(i.TIM_OC1FastConfig), (18 bytes).
    Removing stm32f4xx_tim.o(i.TIM_OC1NPolarityConfig), (18 bytes).
    Removing stm32f4xx_tim.o(i.TIM_OC1PolarityConfig), (18 bytes).
    Removing stm32f4xx_tim.o(i.TIM_OC2FastConfig), (26 bytes).
    Removing stm32f4xx_tim.o(i.TIM_OC2NPolarityConfig), (26 bytes).
    Removing stm32f4xx_tim.o(i.TIM_OC2PolarityConfig), (26 bytes).
    Removing stm32f4xx_tim.o(i.TIM_OC3FastConfig), (18 bytes).
    Removing stm32f4xx_tim.o(i.TIM_OC3NPolarityConfig), (26 bytes).
    Removing stm32f4xx_tim.o(i.TIM_OC3PolarityConfig), (26 bytes).
    Removing stm32f4xx_tim.o(i.TIM_OC4FastConfig), (26 bytes).
    Removing stm32f4xx_tim.o(i.TIM_OC4PolarityConfig), (26 bytes).
    Removing stm32f4xx_tim.o(i.TIM_OCStructInit), (20 bytes).
    Removing stm32f4xx_tim.o(i.TIM_PWMIConfig), (124 bytes).
    Removing stm32f4xx_tim.o(i.TIM_PrescalerConfig), (6 bytes).
    Removing stm32f4xx_tim.o(i.TIM_RemapConfig), (6 bytes).
    Removing stm32f4xx_tim.o(i.TIM_SelectCCDMA), (24 bytes).
    Removing stm32f4xx_tim.o(i.TIM_SelectCOM), (24 bytes).
    Removing stm32f4xx_tim.o(i.TIM_SelectHallSensor), (24 bytes).
    Removing stm32f4xx_tim.o(i.TIM_SelectInputTrigger), (18 bytes).
    Removing stm32f4xx_tim.o(i.TIM_SelectMasterSlaveMode), (18 bytes).
    Removing stm32f4xx_tim.o(i.TIM_SelectOCxM), (86 bytes).
    Removing stm32f4xx_tim.o(i.TIM_SelectOnePulseMode), (18 bytes).
    Removing stm32f4xx_tim.o(i.TIM_SelectOutputTrigger), (18 bytes).
    Removing stm32f4xx_tim.o(i.TIM_SelectSlaveMode), (18 bytes).
    Removing stm32f4xx_tim.o(i.TIM_SetAutoreload), (4 bytes).
    Removing stm32f4xx_tim.o(i.TIM_SetClockDivision), (18 bytes).
    Removing stm32f4xx_tim.o(i.TIM_SetCounter), (4 bytes).
    Removing stm32f4xx_tim.o(i.TIM_SetIC1Prescaler), (18 bytes).
    Removing stm32f4xx_tim.o(i.TIM_SetIC2Prescaler), (26 bytes).
    Removing stm32f4xx_tim.o(i.TIM_SetIC3Prescaler), (18 bytes).
    Removing stm32f4xx_tim.o(i.TIM_SetIC4Prescaler), (26 bytes).
    Removing stm32f4xx_tim.o(i.TIM_TIxExternalClockConfig), (62 bytes).
    Removing stm32f4xx_tim.o(i.TIM_TimeBaseStructInit), (18 bytes).
    Removing stm32f4xx_tim.o(i.TIM_UpdateDisableConfig), (24 bytes).
    Removing stm32f4xx_tim.o(i.TIM_UpdateRequestConfig), (24 bytes).
    Removing sys.o(.rev16_text), (4 bytes).
    Removing sys.o(.revsh_text), (4 bytes).
    Removing sys.o(.emb_text), (16 bytes).
    Removing usart.o(.rev16_text), (4 bytes).
    Removing usart.o(.revsh_text), (4 bytes).
    Removing usart.o(.constdata), (480 bytes).
    Removing delay.o(.rev16_text), (4 bytes).
    Removing delay.o(.revsh_text), (4 bytes).
    Removing oled.o(.rev16_text), (4 bytes).
    Removing oled.o(.revsh_text), (4 bytes).
    Removing oled.o(i.OLED_Put_Char_16x16), (84 bytes).
    Removing oled.o(i.OLED_Show_BigNumber), (100 bytes).
    Removing oled.o(i.OLED_Show_Chinese), (60 bytes).
    Removing oled.o(i.OLED_Show_English), (60 bytes).
    Removing oled.o(i.OLED_Show_Number), (300 bytes).
    Removing oled.o(i.OLED_Show_Picture), (140 bytes).
    Removing oled.o(.constdata), (2048 bytes).
    Removing iic.o(.rev16_text), (4 bytes).
    Removing iic.o(.revsh_text), (4 bytes).
    Removing iic.o(i.IIC_Ack), (80 bytes).
    Removing iic.o(i.IIC_NAck), (80 bytes).
    Removing iic.o(i.IIC_Read_Byte), (108 bytes).
    Removing led.o(.rev16_text), (4 bytes).
    Removing led.o(.revsh_text), (4 bytes).
    Removing led.o(i.LED_Test), (38 bytes).
    Removing zigbee.o(.rev16_text), (4 bytes).
    Removing zigbee.o(.revsh_text), (4 bytes).
    Removing zigbee.o(i.Get_State), (188 bytes).
    Removing zigbee.o(.constdata), (480 bytes).
    Removing beep.o(.rev16_text), (4 bytes).
    Removing beep.o(.revsh_text), (4 bytes).
    Removing beep.o(i.BEEP_Test), (44 bytes).
    Removing timer.o(.rev16_text), (4 bytes).
    Removing timer.o(.revsh_text), (4 bytes).
    Removing exti.o(.rev16_text), (4 bytes).
    Removing exti.o(.revsh_text), (4 bytes).

227 unused section(s) (total 10762 bytes) removed from the image.

==============================================================================

Image Symbol Table

    Local Symbols

    Symbol Name                              Value     Ov Type        Size  Object(Section)

    ../clib/microlib/init/entry.s            0x00000000   Number         0  entry10a.o ABSOLUTE
    ../clib/microlib/init/entry.s            0x00000000   Number         0  entry.o ABSOLUTE
    ../clib/microlib/init/entry.s            0x00000000   Number         0  entry7b.o ABSOLUTE
    ../clib/microlib/init/entry.s            0x00000000   Number         0  entry7a.o ABSOLUTE
    ../clib/microlib/init/entry.s            0x00000000   Number         0  entry11a.o ABSOLUTE
    ../clib/microlib/init/entry.s            0x00000000   Number         0  entry10b.o ABSOLUTE
    ../clib/microlib/init/entry.s            0x00000000   Number         0  entry11b.o ABSOLUTE
    ../clib/microlib/init/entry.s            0x00000000   Number         0  entry9b.o ABSOLUTE
    ../clib/microlib/init/entry.s            0x00000000   Number         0  entry5.o ABSOLUTE
    ../clib/microlib/init/entry.s            0x00000000   Number         0  entry2.o ABSOLUTE
    ../clib/microlib/init/entry.s            0x00000000   Number         0  entry9a.o ABSOLUTE
    ../clib/microlib/init/entry.s            0x00000000   Number         0  entry8b.o ABSOLUTE
    ../clib/microlib/init/entry.s            0x00000000   Number         0  entry8a.o ABSOLUTE
    ../clib/microlib/string/memcpy.c         0x00000000   Number         0  memcpya.o ABSOLUTE
    ../clib/microlib/string/memcpy.c         0x00000000   Number         0  memcpyb.o ABSOLUTE
    ..\CORE\startup_stm32f40_41xxx.s         0x00000000   Number         0  startup_stm32f40_41xxx.o ABSOLUTE
    ..\FWLIB\src\misc.c                      0x00000000   Number         0  misc.o ABSOLUTE
    ..\FWLIB\src\stm32f4xx_exti.c            0x00000000   Number         0  stm32f4xx_exti.o ABSOLUTE
    ..\FWLIB\src\stm32f4xx_gpio.c            0x00000000   Number         0  stm32f4xx_gpio.o ABSOLUTE
    ..\FWLIB\src\stm32f4xx_rcc.c             0x00000000   Number         0  stm32f4xx_rcc.o ABSOLUTE
    ..\FWLIB\src\stm32f4xx_syscfg.c          0x00000000   Number         0  stm32f4xx_syscfg.o ABSOLUTE
    ..\FWLIB\src\stm32f4xx_tim.c             0x00000000   Number         0  stm32f4xx_tim.o ABSOLUTE
    ..\FWLIB\src\stm32f4xx_usart.c           0x00000000   Number         0  stm32f4xx_usart.o ABSOLUTE
    ..\HARDWARE\BEEP\beep.c                  0x00000000   Number         0  beep.o ABSOLUTE
    ..\HARDWARE\EXTI\exti.c                  0x00000000   Number         0  exti.o ABSOLUTE
    ..\HARDWARE\IIC\IIC.c                    0x00000000   Number         0  iic.o ABSOLUTE
    ..\HARDWARE\LED\led.c                    0x00000000   Number         0  led.o ABSOLUTE
    ..\HARDWARE\OLED\OLED.c                  0x00000000   Number         0  oled.o ABSOLUTE
    ..\HARDWARE\TIMER\timer.c                0x00000000   Number         0  timer.o ABSOLUTE
    ..\HARDWARE\Zigbee\Zigbee.c              0x00000000   Number         0  zigbee.o ABSOLUTE
    ..\SYSTEM\delay\delay.c                  0x00000000   Number         0  delay.o ABSOLUTE
    ..\SYSTEM\sys\sys.c                      0x00000000   Number         0  sys.o ABSOLUTE
    ..\SYSTEM\usart\usart.c                  0x00000000   Number         0  usart.o ABSOLUTE
    ..\\FWLIB\\src\\misc.c                   0x00000000   Number         0  misc.o ABSOLUTE
    ..\\FWLIB\\src\\stm32f4xx_exti.c         0x00000000   Number         0  stm32f4xx_exti.o ABSOLUTE
    ..\\FWLIB\\src\\stm32f4xx_gpio.c         0x00000000   Number         0  stm32f4xx_gpio.o ABSOLUTE
    ..\\FWLIB\\src\\stm32f4xx_rcc.c          0x00000000   Number         0  stm32f4xx_rcc.o ABSOLUTE
    ..\\FWLIB\\src\\stm32f4xx_syscfg.c       0x00000000   Number         0  stm32f4xx_syscfg.o ABSOLUTE
    ..\\FWLIB\\src\\stm32f4xx_tim.c          0x00000000   Number         0  stm32f4xx_tim.o ABSOLUTE
    ..\\FWLIB\\src\\stm32f4xx_usart.c        0x00000000   Number         0  stm32f4xx_usart.o ABSOLUTE
    ..\\HARDWARE\\BEEP\\beep.c               0x00000000   Number         0  beep.o ABSOLUTE
    ..\\HARDWARE\\EXTI\\exti.c               0x00000000   Number         0  exti.o ABSOLUTE
    ..\\HARDWARE\\IIC\\IIC.c                 0x00000000   Number         0  iic.o ABSOLUTE
    ..\\HARDWARE\\LED\\led.c                 0x00000000   Number         0  led.o ABSOLUTE
    ..\\HARDWARE\\OLED\\OLED.c               0x00000000   Number         0  oled.o ABSOLUTE
    ..\\HARDWARE\\TIMER\\timer.c             0x00000000   Number         0  timer.o ABSOLUTE
    ..\\HARDWARE\\Zigbee\\Zigbee.c           0x00000000   Number         0  zigbee.o ABSOLUTE
    ..\\SYSTEM\\delay\\delay.c               0x00000000   Number         0  delay.o ABSOLUTE
    ..\\SYSTEM\\sys\\sys.c                   0x00000000   Number         0  sys.o ABSOLUTE
    ..\\SYSTEM\\usart\\usart.c               0x00000000   Number         0  usart.o ABSOLUTE
    dc.s                                     0x00000000   Number         0  dc.o ABSOLUTE
    handlers.s                               0x00000000   Number         0  handlers.o ABSOLUTE
    init.s                                   0x00000000   Number         0  init.o ABSOLUTE
    main.c                                   0x00000000   Number         0  main.o ABSOLUTE
    main.c                                   0x00000000   Number         0  main.o ABSOLUTE
    stm32f4xx_it.c                           0x00000000   Number         0  stm32f4xx_it.o ABSOLUTE
    stm32f4xx_it.c                           0x00000000   Number         0  stm32f4xx_it.o ABSOLUTE
    system_stm32f4xx.c                       0x00000000   Number         0  system_stm32f4xx.o ABSOLUTE
    system_stm32f4xx.c                       0x00000000   Number         0  system_stm32f4xx.o ABSOLUTE
    RESET                                    0x08000000   Section      392  startup_stm32f40_41xxx.o(RESET)
    .ARM.Collect$$$$00000000                 0x08000188   Section        0  entry.o(.ARM.Collect$$$$00000000)
    .ARM.Collect$$$$00000001                 0x08000188   Section        4  entry2.o(.ARM.Collect$$$$00000001)
    .ARM.Collect$$$$00000004                 0x0800018c   Section        4  entry5.o(.ARM.Collect$$$$00000004)
    .ARM.Collect$$$$00000008                 0x08000190   Section        0  entry7b.o(.ARM.Collect$$$$00000008)
    .ARM.Collect$$$$0000000A                 0x08000190   Section        0  entry8b.o(.ARM.Collect$$$$0000000A)
    .ARM.Collect$$$$0000000B                 0x08000190   Section        8  entry9a.o(.ARM.Collect$$$$0000000B)
    .ARM.Collect$$$$0000000D                 0x08000198   Section        0  entry10a.o(.ARM.Collect$$$$0000000D)
    .ARM.Collect$$$$0000000F                 0x08000198   Section        0  entry11a.o(.ARM.Collect$$$$0000000F)
    .ARM.Collect$$$$00002712                 0x08000198   Section        4  entry2.o(.ARM.Collect$$$$00002712)
    __lit__00000000                          0x08000198   Data           4  entry2.o(.ARM.Collect$$$$00002712)
    .text                                    0x0800019c   Section       36  startup_stm32f40_41xxx.o(.text)
    $v0                                      0x0800019c   Number         0  startup_stm32f40_41xxx.o(.text)
    .text                                    0x080001c0   Section        0  memcpya.o(.text)
    .text                                    0x080001e4   Section       36  init.o(.text)
    i.Analyse_Custom_Data                    0x08000208   Section        0  usart.o(i.Analyse_Custom_Data)
    i.BEEP_Init                              0x0800030c   Section        0  beep.o(i.BEEP_Init)
    i.BusFault_Handler                       0x0800034c   Section        0  stm32f4xx_it.o(i.BusFault_Handler)
    i.DebugMon_Handler                       0x08000350   Section        0  stm32f4xx_it.o(i.DebugMon_Handler)
    i.EXTI0_IRQHandler                       0x08000354   Section        0  exti.o(i.EXTI0_IRQHandler)
    i.EXTI0_Init                             0x080003c0   Section        0  exti.o(i.EXTI0_Init)
    i.EXTI1_IRQHandler                       0x08000440   Section        0  exti.o(i.EXTI1_IRQHandler)
    i.EXTI2_IRQHandler                       0x08000498   Section        0  exti.o(i.EXTI2_IRQHandler)
    i.EXTI3_IRQHandler                       0x080004f0   Section        0  exti.o(i.EXTI3_IRQHandler)
    i.EXTI_ClearITPendingBit                 0x08000548   Section        0  stm32f4xx_exti.o(i.EXTI_ClearITPendingBit)
    i.EXTI_GetITStatus                       0x08000554   Section        0  stm32f4xx_exti.o(i.EXTI_GetITStatus)
    i.EXTI_Init                              0x0800056c   Section        0  stm32f4xx_exti.o(i.EXTI_Init)
    i.GPIO_Init                              0x08000600   Section        0  stm32f4xx_gpio.o(i.GPIO_Init)
    i.GPIO_PinAFConfig                       0x08000690   Section        0  stm32f4xx_gpio.o(i.GPIO_PinAFConfig)
    i.GPIO_ResetBits                         0x080006d6   Section        0  stm32f4xx_gpio.o(i.GPIO_ResetBits)
    i.GPIO_SetBits                           0x080006da   Section        0  stm32f4xx_gpio.o(i.GPIO_SetBits)
    i.HardFault_Handler                      0x080006de   Section        0  stm32f4xx_it.o(i.HardFault_Handler)
    i.IIC_Init                               0x080006e4   Section        0  iic.o(i.IIC_Init)
    i.IIC_Send_Byte                          0x08000730   Section        0  iic.o(i.IIC_Send_Byte)
    i.IIC_Start                              0x08000798   Section        0  iic.o(i.IIC_Start)
    i.IIC_Stop                               0x080007e4   Section        0  iic.o(i.IIC_Stop)
    i.IIC_Wait_Ack                           0x08000824   Section        0  iic.o(i.IIC_Wait_Ack)
    i.LED_Close                              0x08000884   Section        0  led.o(i.LED_Close)
    i.LED_Init                               0x0800089c   Section        0  led.o(i.LED_Init)
    i.LED_Light_Minus                        0x080008dc   Section        0  led.o(i.LED_Light_Minus)
    i.LED_Light_Plus                         0x080008fc   Section        0  led.o(i.LED_Light_Plus)
    i.LED_Light_Set                          0x0800091c   Section        0  led.o(i.LED_Light_Set)
    i.LED_Mode                               0x0800092c   Section        0  led.o(i.LED_Mode)
    i.LED_Open                               0x080009a4   Section        0  led.o(i.LED_Open)
    i.MemManage_Handler                      0x080009b4   Section        0  stm32f4xx_it.o(i.MemManage_Handler)
    i.NMI_Handler                            0x080009b8   Section        0  stm32f4xx_it.o(i.NMI_Handler)
    i.NVIC_Init                              0x080009bc   Section        0  misc.o(i.NVIC_Init)
    i.NVIC_PriorityGroupConfig               0x08000a34   Section        0  misc.o(i.NVIC_PriorityGroupConfig)
    i.OLED_Clear                             0x08000a48   Section        0  oled.o(i.OLED_Clear)
    i.OLED_Init                              0x08000a94   Section        0  oled.o(i.OLED_Init)
    i.OLED_Put_Char_8x16                     0x08000b56   Section        0  oled.o(i.OLED_Put_Char_8x16)
    i.OLED_Write_Byte                        0x08000ba4   Section        0  oled.o(i.OLED_Write_Byte)
    i.OLED_Write_Cmd                         0x08000bd0   Section        0  oled.o(i.OLED_Write_Cmd)
    i.OpenNet                                0x08000bfc   Section        0  zigbee.o(i.OpenNet)
    i.PendSV_Handler                         0x08000d78   Section        0  stm32f4xx_it.o(i.PendSV_Handler)
    i.RCC_AHB1PeriphClockCmd                 0x08000d7c   Section        0  stm32f4xx_rcc.o(i.RCC_AHB1PeriphClockCmd)
    i.RCC_APB1PeriphClockCmd                 0x08000d9c   Section        0  stm32f4xx_rcc.o(i.RCC_APB1PeriphClockCmd)
    i.RCC_APB2PeriphClockCmd                 0x08000dbc   Section        0  stm32f4xx_rcc.o(i.RCC_APB2PeriphClockCmd)
    i.RCC_GetClocksFreq                      0x08000ddc   Section        0  stm32f4xx_rcc.o(i.RCC_GetClocksFreq)
    i.SVC_Handler                            0x08000ec4   Section        0  stm32f4xx_it.o(i.SVC_Handler)
    i.SYSCFG_EXTILineConfig                  0x08000ec8   Section        0  stm32f4xx_syscfg.o(i.SYSCFG_EXTILineConfig)
    i.Send_Custom_Data                       0x08000f08   Section        0  usart.o(i.Send_Custom_Data)
    i.SetSysClock                            0x08001010   Section        0  system_stm32f4xx.o(i.SetSysClock)
    SetSysClock                              0x08001011   Thumb Code   220  system_stm32f4xx.o(i.SetSysClock)
    i.Set_SendDirection                      0x080010fc   Section        0  zigbee.o(i.Set_SendDirection)
    i.SysTick_CLKSourceConfig                0x080011d4   Section        0  misc.o(i.SysTick_CLKSourceConfig)
    i.SysTick_Handler                        0x080011fc   Section        0  stm32f4xx_it.o(i.SysTick_Handler)
    i.SystemInit                             0x08001200   Section        0  system_stm32f4xx.o(i.SystemInit)
    i.TIM2_IRQHandler                        0x08001268   Section        0  timer.o(i.TIM2_IRQHandler)
    i.TIM2_Int_Init                          0x08001298   Section        0  timer.o(i.TIM2_Int_Init)
    i.TIM3_PWM_Init                          0x080012f0   Section        0  timer.o(i.TIM3_PWM_Init)
    i.TIM_ARRPreloadConfig                   0x08001444   Section        0  stm32f4xx_tim.o(i.TIM_ARRPreloadConfig)
    i.TIM_ClearITPendingBit                  0x0800145c   Section        0  stm32f4xx_tim.o(i.TIM_ClearITPendingBit)
    i.TIM_Cmd                                0x08001462   Section        0  stm32f4xx_tim.o(i.TIM_Cmd)
    i.TIM_GetITStatus                        0x0800147a   Section        0  stm32f4xx_tim.o(i.TIM_GetITStatus)
    i.TIM_ITConfig                           0x0800149c   Section        0  stm32f4xx_tim.o(i.TIM_ITConfig)
    i.TIM_OC1Init                            0x080014b0   Section        0  stm32f4xx_tim.o(i.TIM_OC1Init)
    i.TIM_OC1PreloadConfig                   0x0800152c   Section        0  stm32f4xx_tim.o(i.TIM_OC1PreloadConfig)
    i.TIM_OC2Init                            0x08001540   Section        0  stm32f4xx_tim.o(i.TIM_OC2Init)
    i.TIM_OC2PreloadConfig                   0x080015e4   Section        0  stm32f4xx_tim.o(i.TIM_OC2PreloadConfig)
    i.TIM_OC3Init                            0x08001600   Section        0  stm32f4xx_tim.o(i.TIM_OC3Init)
    i.TIM_OC3PreloadConfig                   0x080016a0   Section        0  stm32f4xx_tim.o(i.TIM_OC3PreloadConfig)
    i.TIM_OC4Init                            0x080016b4   Section        0  stm32f4xx_tim.o(i.TIM_OC4Init)
    i.TIM_OC4PreloadConfig                   0x0800172c   Section        0  stm32f4xx_tim.o(i.TIM_OC4PreloadConfig)
    i.TIM_SetCompare1                        0x08001746   Section        0  stm32f4xx_tim.o(i.TIM_SetCompare1)
    i.TIM_SetCompare2                        0x0800174a   Section        0  stm32f4xx_tim.o(i.TIM_SetCompare2)
    i.TIM_SetCompare3                        0x0800174e   Section        0  stm32f4xx_tim.o(i.TIM_SetCompare3)
    i.TIM_SetCompare4                        0x08001752   Section        0  stm32f4xx_tim.o(i.TIM_SetCompare4)
    i.TIM_TimeBaseInit                       0x08001758   Section        0  stm32f4xx_tim.o(i.TIM_TimeBaseInit)
    i.USART1_IRQHandler                      0x080017dc   Section        0  usart.o(i.USART1_IRQHandler)
    i.USART1_Init                            0x08001978   Section        0  usart.o(i.USART1_Init)
    i.USART_ClearFlag                        0x08001a30   Section        0  stm32f4xx_usart.o(i.USART_ClearFlag)
    i.USART_Cmd                              0x08001a42   Section        0  stm32f4xx_usart.o(i.USART_Cmd)
    i.USART_GetFlagStatus                    0x08001a5a   Section        0  stm32f4xx_usart.o(i.USART_GetFlagStatus)
    i.USART_GetITStatus                      0x08001a74   Section        0  stm32f4xx_usart.o(i.USART_GetITStatus)
    i.USART_ITConfig                         0x08001ac8   Section        0  stm32f4xx_usart.o(i.USART_ITConfig)
    i.USART_Init                             0x08001b14   Section        0  stm32f4xx_usart.o(i.USART_Init)
    i.USART_ReceiveData                      0x08001be8   Section        0  stm32f4xx_usart.o(i.USART_ReceiveData)
    i.USART_SendData                         0x08001bf2   Section        0  stm32f4xx_usart.o(i.USART_SendData)
    i.Upload_Address                         0x08001bfc   Section        0  zigbee.o(i.Upload_Address)
    i.UsageFault_Handler                     0x08001c58   Section        0  stm32f4xx_it.o(i.UsageFault_Handler)
    i.Zigbee_Change_Mode                     0x08001c5c   Section        0  zigbee.o(i.Zigbee_Change_Mode)
    i.Zigbee_Init                            0x08001d3c   Section        0  zigbee.o(i.Zigbee_Init)
    i.__scatterload_copy                     0x08001d6c   Section       14  handlers.o(i.__scatterload_copy)
    i.__scatterload_null                     0x08001d7a   Section        2  handlers.o(i.__scatterload_null)
    i.__scatterload_zeroinit                 0x08001d7c   Section       14  handlers.o(i.__scatterload_zeroinit)
    i.delay_init                             0x08001d8c   Section        0  delay.o(i.delay_init)
    i.delay_ms                               0x08001dc8   Section        0  delay.o(i.delay_ms)
    i.delay_us                               0x08001e00   Section        0  delay.o(i.delay_us)
    i.delay_xms                              0x08001e4c   Section        0  delay.o(i.delay_xms)
    i.main                                   0x08001e98   Section        0  main.o(i.main)
    .data                                    0x20000000   Section       16  stm32f4xx_rcc.o(.data)
    APBAHBPrescTable                         0x20000000   Data          16  stm32f4xx_rcc.o(.data)
    .data                                    0x20000010   Section        4  usart.o(.data)
    .data                                    0x20000014   Section        4  delay.o(.data)
    fac_us                                   0x20000014   Data           1  delay.o(.data)
    fac_ms                                   0x20000016   Data           2  delay.o(.data)
    .data                                    0x20000018   Section       16  led.o(.data)
    .data                                    0x20000028   Section       13  zigbee.o(.data)
    .data                                    0x20000038   Section       72  timer.o(.data)
    .bss                                     0x20000080   Section      400  usart.o(.bss)
    .bss                                     0x20000210   Section       16  timer.o(.bss)
    STACK                                    0x20000220   Section     1024  startup_stm32f40_41xxx.o(STACK)

    Global Symbols

    Symbol Name                              Value     Ov Type        Size  Object(Section)

    BuildAttributes$$THM_ISAv4$E$P$D$K$B$S$7EM$VFPi3$EXTD16$VFPS$VFMA$PE$A:L22UL41UL21$X:L11$S22US41US21$IEEE1$IW$USESV6$~STKCKD$USESV7$~SHL$OSPACE$EBA8$MICROLIB$REQ8$PRES8$EABIv2 0x00000000   Number         0  anon$$obj.o ABSOLUTE
    __ARM_use_no_argv                        0x00000000   Number         0  main.o ABSOLUTE
    __cpp_initialize__aeabi_                  - Undefined Weak Reference
    __cxa_finalize                            - Undefined Weak Reference
    __decompress                              - Undefined Weak Reference
    _clock_init                               - Undefined Weak Reference
    _microlib_exit                            - Undefined Weak Reference
    __Vectors_Size                           0x00000188   Number         0  startup_stm32f40_41xxx.o ABSOLUTE
    __Vectors                                0x08000000   Data           4  startup_stm32f40_41xxx.o(RESET)
    __Vectors_End                            0x08000188   Data           0  startup_stm32f40_41xxx.o(RESET)
    __main                                   0x08000189   Thumb Code     0  entry.o(.ARM.Collect$$$$00000000)
    _main_stk                                0x08000189   Thumb Code     0  entry2.o(.ARM.Collect$$$$00000001)
    _main_scatterload                        0x0800018d   Thumb Code     0  entry5.o(.ARM.Collect$$$$00000004)
    __main_after_scatterload                 0x08000191   Thumb Code     0  entry5.o(.ARM.Collect$$$$00000004)
    _main_clock                              0x08000191   Thumb Code     0  entry7b.o(.ARM.Collect$$$$00000008)
    _main_cpp_init                           0x08000191   Thumb Code     0  entry8b.o(.ARM.Collect$$$$0000000A)
    _main_init                               0x08000191   Thumb Code     0  entry9a.o(.ARM.Collect$$$$0000000B)
    __rt_final_cpp                           0x08000199   Thumb Code     0  entry10a.o(.ARM.Collect$$$$0000000D)
    __rt_final_exit                          0x08000199   Thumb Code     0  entry11a.o(.ARM.Collect$$$$0000000F)
    Reset_Handler                            0x0800019d   Thumb Code     8  startup_stm32f40_41xxx.o(.text)
    ADC_IRQHandler                           0x080001b7   Thumb Code     0  startup_stm32f40_41xxx.o(.text)
    CAN1_RX0_IRQHandler                      0x080001b7   Thumb Code     0  startup_stm32f40_41xxx.o(.text)
    CAN1_RX1_IRQHandler                      0x080001b7   Thumb Code     0  startup_stm32f40_41xxx.o(.text)
    CAN1_SCE_IRQHandler                      0x080001b7   Thumb Code     0  startup_stm32f40_41xxx.o(.text)
    CAN1_TX_IRQHandler                       0x080001b7   Thumb Code     0  startup_stm32f40_41xxx.o(.text)
    CAN2_RX0_IRQHandler                      0x080001b7   Thumb Code     0  startup_stm32f40_41xxx.o(.text)
    CAN2_RX1_IRQHandler                      0x080001b7   Thumb Code     0  startup_stm32f40_41xxx.o(.text)
    CAN2_SCE_IRQHandler                      0x080001b7   Thumb Code     0  startup_stm32f40_41xxx.o(.text)
    CAN2_TX_IRQHandler                       0x080001b7   Thumb Code     0  startup_stm32f40_41xxx.o(.text)
    CRYP_IRQHandler                          0x080001b7   Thumb Code     0  startup_stm32f40_41xxx.o(.text)
    DCMI_IRQHandler                          0x080001b7   Thumb Code     0  startup_stm32f40_41xxx.o(.text)
    DMA1_Stream0_IRQHandler                  0x080001b7   Thumb Code     0  startup_stm32f40_41xxx.o(.text)
    DMA1_Stream1_IRQHandler                  0x080001b7   Thumb Code     0  startup_stm32f40_41xxx.o(.text)
    DMA1_Stream2_IRQHandler                  0x080001b7   Thumb Code     0  startup_stm32f40_41xxx.o(.text)
    DMA1_Stream3_IRQHandler                  0x080001b7   Thumb Code     0  startup_stm32f40_41xxx.o(.text)
    DMA1_Stream4_IRQHandler                  0x080001b7   Thumb Code     0  startup_stm32f40_41xxx.o(.text)
    DMA1_Stream5_IRQHandler                  0x080001b7   Thumb Code     0  startup_stm32f40_41xxx.o(.text)
    DMA1_Stream6_IRQHandler                  0x080001b7   Thumb Code     0  startup_stm32f40_41xxx.o(.text)
    DMA1_Stream7_IRQHandler                  0x080001b7   Thumb Code     0  startup_stm32f40_41xxx.o(.text)
    DMA2_Stream0_IRQHandler                  0x080001b7   Thumb Code     0  startup_stm32f40_41xxx.o(.text)
    DMA2_Stream1_IRQHandler                  0x080001b7   Thumb Code     0  startup_stm32f40_41xxx.o(.text)
    DMA2_Stream2_IRQHandler                  0x080001b7   Thumb Code     0  startup_stm32f40_41xxx.o(.text)
    DMA2_Stream3_IRQHandler                  0x080001b7   Thumb Code     0  startup_stm32f40_41xxx.o(.text)
    DMA2_Stream4_IRQHandler                  0x080001b7   Thumb Code     0  startup_stm32f40_41xxx.o(.text)
    DMA2_Stream5_IRQHandler                  0x080001b7   Thumb Code     0  startup_stm32f40_41xxx.o(.text)
    DMA2_Stream6_IRQHandler                  0x080001b7   Thumb Code     0  startup_stm32f40_41xxx.o(.text)
    DMA2_Stream7_IRQHandler                  0x080001b7   Thumb Code     0  startup_stm32f40_41xxx.o(.text)
    ETH_IRQHandler                           0x080001b7   Thumb Code     0  startup_stm32f40_41xxx.o(.text)
    ETH_WKUP_IRQHandler                      0x080001b7   Thumb Code     0  startup_stm32f40_41xxx.o(.text)
    EXTI15_10_IRQHandler                     0x080001b7   Thumb Code     0  startup_stm32f40_41xxx.o(.text)
    EXTI4_IRQHandler                         0x080001b7   Thumb Code     0  startup_stm32f40_41xxx.o(.text)
    EXTI9_5_IRQHandler                       0x080001b7   Thumb Code     0  startup_stm32f40_41xxx.o(.text)
    FLASH_IRQHandler                         0x080001b7   Thumb Code     0  startup_stm32f40_41xxx.o(.text)
    FPU_IRQHandler                           0x080001b7   Thumb Code     0  startup_stm32f40_41xxx.o(.text)
    FSMC_IRQHandler                          0x080001b7   Thumb Code     0  startup_stm32f40_41xxx.o(.text)
    HASH_RNG_IRQHandler                      0x080001b7   Thumb Code     0  startup_stm32f40_41xxx.o(.text)
    I2C1_ER_IRQHandler                       0x080001b7   Thumb Code     0  startup_stm32f40_41xxx.o(.text)
    I2C1_EV_IRQHandler                       0x080001b7   Thumb Code     0  startup_stm32f40_41xxx.o(.text)
    I2C2_ER_IRQHandler                       0x080001b7   Thumb Code     0  startup_stm32f40_41xxx.o(.text)
    I2C2_EV_IRQHandler                       0x080001b7   Thumb Code     0  startup_stm32f40_41xxx.o(.text)
    I2C3_ER_IRQHandler                       0x080001b7   Thumb Code     0  startup_stm32f40_41xxx.o(.text)
    I2C3_EV_IRQHandler                       0x080001b7   Thumb Code     0  startup_stm32f40_41xxx.o(.text)
    OTG_FS_IRQHandler                        0x080001b7   Thumb Code     0  startup_stm32f40_41xxx.o(.text)
    OTG_FS_WKUP_IRQHandler                   0x080001b7   Thumb Code     0  startup_stm32f40_41xxx.o(.text)
    OTG_HS_EP1_IN_IRQHandler                 0x080001b7   Thumb Code     0  startup_stm32f40_41xxx.o(.text)
    OTG_HS_EP1_OUT_IRQHandler                0x080001b7   Thumb Code     0  startup_stm32f40_41xxx.o(.text)
    OTG_HS_IRQHandler                        0x080001b7   Thumb Code     0  startup_stm32f40_41xxx.o(.text)
    OTG_HS_WKUP_IRQHandler                   0x080001b7   Thumb Code     0  startup_stm32f40_41xxx.o(.text)
    PVD_IRQHandler                           0x080001b7   Thumb Code     0  startup_stm32f40_41xxx.o(.text)
    RCC_IRQHandler                           0x080001b7   Thumb Code     0  startup_stm32f40_41xxx.o(.text)
    RTC_Alarm_IRQHandler                     0x080001b7   Thumb Code     0  startup_stm32f40_41xxx.o(.text)
    RTC_WKUP_IRQHandler                      0x080001b7   Thumb Code     0  startup_stm32f40_41xxx.o(.text)
    SDIO_IRQHandler                          0x080001b7   Thumb Code     0  startup_stm32f40_41xxx.o(.text)
    SPI1_IRQHandler                          0x080001b7   Thumb Code     0  startup_stm32f40_41xxx.o(.text)
    SPI2_IRQHandler                          0x080001b7   Thumb Code     0  startup_stm32f40_41xxx.o(.text)
    SPI3_IRQHandler                          0x080001b7   Thumb Code     0  startup_stm32f40_41xxx.o(.text)
    TAMP_STAMP_IRQHandler                    0x080001b7   Thumb Code     0  startup_stm32f40_41xxx.o(.text)
    TIM1_BRK_TIM9_IRQHandler                 0x080001b7   Thumb Code     0  startup_stm32f40_41xxx.o(.text)
    TIM1_CC_IRQHandler                       0x080001b7   Thumb Code     0  startup_stm32f40_41xxx.o(.text)
    TIM1_TRG_COM_TIM11_IRQHandler            0x080001b7   Thumb Code     0  startup_stm32f40_41xxx.o(.text)
    TIM1_UP_TIM10_IRQHandler                 0x080001b7   Thumb Code     0  startup_stm32f40_41xxx.o(.text)
    TIM3_IRQHandler                          0x080001b7   Thumb Code     0  startup_stm32f40_41xxx.o(.text)
    TIM4_IRQHandler                          0x080001b7   Thumb Code     0  startup_stm32f40_41xxx.o(.text)
    TIM5_IRQHandler                          0x080001b7   Thumb Code     0  startup_stm32f40_41xxx.o(.text)
    TIM6_DAC_IRQHandler                      0x080001b7   Thumb Code     0  startup_stm32f40_41xxx.o(.text)
    TIM7_IRQHandler                          0x080001b7   Thumb Code     0  startup_stm32f40_41xxx.o(.text)
    TIM8_BRK_TIM12_IRQHandler                0x080001b7   Thumb Code     0  startup_stm32f40_41xxx.o(.text)
    TIM8_CC_IRQHandler                       0x080001b7   Thumb Code     0  startup_stm32f40_41xxx.o(.text)
    TIM8_TRG_COM_TIM14_IRQHandler            0x080001b7   Thumb Code     0  startup_stm32f40_41xxx.o(.text)
    TIM8_UP_TIM13_IRQHandler                 0x080001b7   Thumb Code     0  startup_stm32f40_41xxx.o(.text)
    UART4_IRQHandler                         0x080001b7   Thumb Code     0  startup_stm32f40_41xxx.o(.text)
    UART5_IRQHandler                         0x080001b7   Thumb Code     0  startup_stm32f40_41xxx.o(.text)
    USART2_IRQHandler                        0x080001b7   Thumb Code     0  startup_stm32f40_41xxx.o(.text)
    USART3_IRQHandler                        0x080001b7   Thumb Code     0  startup_stm32f40_41xxx.o(.text)
    USART6_IRQHandler                        0x080001b7   Thumb Code     0  startup_stm32f40_41xxx.o(.text)
    WWDG_IRQHandler                          0x080001b7   Thumb Code     0  startup_stm32f40_41xxx.o(.text)
    __aeabi_memcpy                           0x080001c1   Thumb Code    36  memcpya.o(.text)
    __aeabi_memcpy4                          0x080001c1   Thumb Code     0  memcpya.o(.text)
    __aeabi_memcpy8                          0x080001c1   Thumb Code     0  memcpya.o(.text)
    __scatterload                            0x080001e5   Thumb Code    28  init.o(.text)
    __scatterload_rt2                        0x080001e5   Thumb Code     0  init.o(.text)
    Analyse_Custom_Data                      0x08000209   Thumb Code   256  usart.o(i.Analyse_Custom_Data)
    BEEP_Init                                0x0800030d   Thumb Code    60  beep.o(i.BEEP_Init)
    BusFault_Handler                         0x0800034d   Thumb Code     4  stm32f4xx_it.o(i.BusFault_Handler)
    DebugMon_Handler                         0x08000351   Thumb Code     2  stm32f4xx_it.o(i.DebugMon_Handler)
    EXTI0_IRQHandler                         0x08000355   Thumb Code    90  exti.o(i.EXTI0_IRQHandler)
    EXTI0_Init                               0x080003c1   Thumb Code   122  exti.o(i.EXTI0_Init)
    EXTI1_IRQHandler                         0x08000441   Thumb Code    74  exti.o(i.EXTI1_IRQHandler)
    EXTI2_IRQHandler                         0x08000499   Thumb Code    74  exti.o(i.EXTI2_IRQHandler)
    EXTI3_IRQHandler                         0x080004f1   Thumb Code    74  exti.o(i.EXTI3_IRQHandler)
    EXTI_ClearITPendingBit                   0x08000549   Thumb Code     6  stm32f4xx_exti.o(i.EXTI_ClearITPendingBit)
    EXTI_GetITStatus                         0x08000555   Thumb Code    20  stm32f4xx_exti.o(i.EXTI_GetITStatus)
    EXTI_Init                                0x0800056d   Thumb Code   142  stm32f4xx_exti.o(i.EXTI_Init)
    GPIO_Init                                0x08000601   Thumb Code   144  stm32f4xx_gpio.o(i.GPIO_Init)
    GPIO_PinAFConfig                         0x08000691   Thumb Code    70  stm32f4xx_gpio.o(i.GPIO_PinAFConfig)
    GPIO_ResetBits                           0x080006d7   Thumb Code     4  stm32f4xx_gpio.o(i.GPIO_ResetBits)
    GPIO_SetBits                             0x080006db   Thumb Code     4  stm32f4xx_gpio.o(i.GPIO_SetBits)
    HardFault_Handler                        0x080006df   Thumb Code     4  stm32f4xx_it.o(i.HardFault_Handler)
    IIC_Init                                 0x080006e5   Thumb Code    62  iic.o(i.IIC_Init)
    IIC_Send_Byte                            0x08000731   Thumb Code    90  iic.o(i.IIC_Send_Byte)
    IIC_Start                                0x08000799   Thumb Code    64  iic.o(i.IIC_Start)
    IIC_Stop                                 0x080007e5   Thumb Code    50  iic.o(i.IIC_Stop)
    IIC_Wait_Ack                             0x08000825   Thumb Code    82  iic.o(i.IIC_Wait_Ack)
    LED_Close                                0x08000885   Thumb Code    14  led.o(i.LED_Close)
    LED_Init                                 0x0800089d   Thumb Code    60  led.o(i.LED_Init)
    LED_Light_Minus                          0x080008dd   Thumb Code    26  led.o(i.LED_Light_Minus)
    LED_Light_Plus                           0x080008fd   Thumb Code    28  led.o(i.LED_Light_Plus)
    LED_Light_Set                            0x0800091d   Thumb Code    12  led.o(i.LED_Light_Set)
    LED_Mode                                 0x0800092d   Thumb Code    98  led.o(i.LED_Mode)
    LED_Open                                 0x080009a5   Thumb Code    12  led.o(i.LED_Open)
    MemManage_Handler                        0x080009b5   Thumb Code     4  stm32f4xx_it.o(i.MemManage_Handler)
    NMI_Handler                              0x080009b9   Thumb Code     2  stm32f4xx_it.o(i.NMI_Handler)
    NVIC_Init                                0x080009bd   Thumb Code   106  misc.o(i.NVIC_Init)
    NVIC_PriorityGroupConfig                 0x08000a35   Thumb Code    10  misc.o(i.NVIC_PriorityGroupConfig)
    OLED_Clear                               0x08000a49   Thumb Code    76  oled.o(i.OLED_Clear)
    OLED_Init                                0x08000a95   Thumb Code   194  oled.o(i.OLED_Init)
    OLED_Put_Char_8x16                       0x08000b57   Thumb Code    78  oled.o(i.OLED_Put_Char_8x16)
    OLED_Write_Byte                          0x08000ba5   Thumb Code    44  oled.o(i.OLED_Write_Byte)
    OLED_Write_Cmd                           0x08000bd1   Thumb Code    44  oled.o(i.OLED_Write_Cmd)
    OpenNet                                  0x08000bfd   Thumb Code   332  zigbee.o(i.OpenNet)
    PendSV_Handler                           0x08000d79   Thumb Code     2  stm32f4xx_it.o(i.PendSV_Handler)
    RCC_AHB1PeriphClockCmd                   0x08000d7d   Thumb Code    26  stm32f4xx_rcc.o(i.RCC_AHB1PeriphClockCmd)
    RCC_APB1PeriphClockCmd                   0x08000d9d   Thumb Code    26  stm32f4xx_rcc.o(i.RCC_APB1PeriphClockCmd)
    RCC_APB2PeriphClockCmd                   0x08000dbd   Thumb Code    26  stm32f4xx_rcc.o(i.RCC_APB2PeriphClockCmd)
    RCC_GetClocksFreq                        0x08000ddd   Thumb Code   214  stm32f4xx_rcc.o(i.RCC_GetClocksFreq)
    SVC_Handler                              0x08000ec5   Thumb Code     2  stm32f4xx_it.o(i.SVC_Handler)
    SYSCFG_EXTILineConfig                    0x08000ec9   Thumb Code    60  stm32f4xx_syscfg.o(i.SYSCFG_EXTILineConfig)
    Send_Custom_Data                         0x08000f09   Thumb Code   256  usart.o(i.Send_Custom_Data)
    Set_SendDirection                        0x080010fd   Thumb Code   188  zigbee.o(i.Set_SendDirection)
    SysTick_CLKSourceConfig                  0x080011d5   Thumb Code    40  misc.o(i.SysTick_CLKSourceConfig)
    SysTick_Handler                          0x080011fd   Thumb Code     2  stm32f4xx_it.o(i.SysTick_Handler)
    SystemInit                               0x08001201   Thumb Code    88  system_stm32f4xx.o(i.SystemInit)
    TIM2_IRQHandler                          0x08001269   Thumb Code    42  timer.o(i.TIM2_IRQHandler)
    TIM2_Int_Init                            0x08001299   Thumb Code    86  timer.o(i.TIM2_Int_Init)
    TIM3_PWM_Init                            0x080012f1   Thumb Code   326  timer.o(i.TIM3_PWM_Init)
    TIM_ARRPreloadConfig                     0x08001445   Thumb Code    24  stm32f4xx_tim.o(i.TIM_ARRPreloadConfig)
    TIM_ClearITPendingBit                    0x0800145d   Thumb Code     6  stm32f4xx_tim.o(i.TIM_ClearITPendingBit)
    TIM_Cmd                                  0x08001463   Thumb Code    24  stm32f4xx_tim.o(i.TIM_Cmd)
    TIM_GetITStatus                          0x0800147b   Thumb Code    34  stm32f4xx_tim.o(i.TIM_GetITStatus)
    TIM_ITConfig                             0x0800149d   Thumb Code    18  stm32f4xx_tim.o(i.TIM_ITConfig)
    TIM_OC1Init                              0x080014b1   Thumb Code   114  stm32f4xx_tim.o(i.TIM_OC1Init)
    TIM_OC1PreloadConfig                     0x0800152d   Thumb Code    18  stm32f4xx_tim.o(i.TIM_OC1PreloadConfig)
    TIM_OC2Init                              0x08001541   Thumb Code   154  stm32f4xx_tim.o(i.TIM_OC2Init)
    TIM_OC2PreloadConfig                     0x080015e5   Thumb Code    26  stm32f4xx_tim.o(i.TIM_OC2PreloadConfig)
    TIM_OC3Init                              0x08001601   Thumb Code   150  stm32f4xx_tim.o(i.TIM_OC3Init)
    TIM_OC3PreloadConfig                     0x080016a1   Thumb Code    18  stm32f4xx_tim.o(i.TIM_OC3PreloadConfig)
    TIM_OC4Init                              0x080016b5   Thumb Code   112  stm32f4xx_tim.o(i.TIM_OC4Init)
    TIM_OC4PreloadConfig                     0x0800172d   Thumb Code    26  stm32f4xx_tim.o(i.TIM_OC4PreloadConfig)
    TIM_SetCompare1                          0x08001747   Thumb Code     4  stm32f4xx_tim.o(i.TIM_SetCompare1)
    TIM_SetCompare2                          0x0800174b   Thumb Code     4  stm32f4xx_tim.o(i.TIM_SetCompare2)
    TIM_SetCompare3                          0x0800174f   Thumb Code     4  stm32f4xx_tim.o(i.TIM_SetCompare3)
    TIM_SetCompare4                          0x08001753   Thumb Code     4  stm32f4xx_tim.o(i.TIM_SetCompare4)
    TIM_TimeBaseInit                         0x08001759   Thumb Code   104  stm32f4xx_tim.o(i.TIM_TimeBaseInit)
    USART1_IRQHandler                        0x080017dd   Thumb Code   394  usart.o(i.USART1_IRQHandler)
    USART1_Init                              0x08001979   Thumb Code   174  usart.o(i.USART1_Init)
    USART_ClearFlag                          0x08001a31   Thumb Code    18  stm32f4xx_usart.o(i.USART_ClearFlag)
    USART_Cmd                                0x08001a43   Thumb Code    24  stm32f4xx_usart.o(i.USART_Cmd)
    USART_GetFlagStatus                      0x08001a5b   Thumb Code    26  stm32f4xx_usart.o(i.USART_GetFlagStatus)
    USART_GetITStatus                        0x08001a75   Thumb Code    84  stm32f4xx_usart.o(i.USART_GetITStatus)
    USART_ITConfig                           0x08001ac9   Thumb Code    74  stm32f4xx_usart.o(i.USART_ITConfig)
    USART_Init                               0x08001b15   Thumb Code   204  stm32f4xx_usart.o(i.USART_Init)
    USART_ReceiveData                        0x08001be9   Thumb Code    10  stm32f4xx_usart.o(i.USART_ReceiveData)
    USART_SendData                           0x08001bf3   Thumb Code     8  stm32f4xx_usart.o(i.USART_SendData)
    Upload_Address                           0x08001bfd   Thumb Code    84  zigbee.o(i.Upload_Address)
    UsageFault_Handler                       0x08001c59   Thumb Code     4  stm32f4xx_it.o(i.UsageFault_Handler)
    Zigbee_Change_Mode                       0x08001c5d   Thumb Code   198  zigbee.o(i.Zigbee_Change_Mode)
    Zigbee_Init                              0x08001d3d   Thumb Code    48  zigbee.o(i.Zigbee_Init)
    __scatterload_copy                       0x08001d6d   Thumb Code    14  handlers.o(i.__scatterload_copy)
    __scatterload_null                       0x08001d7b   Thumb Code     2  handlers.o(i.__scatterload_null)
    __scatterload_zeroinit                   0x08001d7d   Thumb Code    14  handlers.o(i.__scatterload_zeroinit)
    delay_init                               0x08001d8d   Thumb Code    52  delay.o(i.delay_init)
    delay_ms                                 0x08001dc9   Thumb Code    56  delay.o(i.delay_ms)
    delay_us                                 0x08001e01   Thumb Code    72  delay.o(i.delay_us)
    delay_xms                                0x08001e4d   Thumb Code    72  delay.o(i.delay_xms)
    main                                     0x08001e99   Thumb Code   198  main.o(i.main)
    Region$$Table$$Base                      0x08001f74   Number         0  anon$$obj.o(Region$$Table)
    Region$$Table$$Limit                     0x08001f94   Number         0  anon$$obj.o(Region$$Table)
    USART1_RX_STA                            0x20000010   Data           2  usart.o(.data)
    USART2_RX_STA                            0x20000012   Data           2  usart.o(.data)
    LEDmode                                  0x20000018   Data           8  led.o(.data)
    direction                                0x20000020   Data           8  led.o(.data)
    SelfLongAddr                             0x20000028   Data           8  zigbee.o(.data)
    SelfShortAddr                            0x20000030   Data           2  zigbee.o(.data)
    PANID                                    0x20000032   Data           2  zigbee.o(.data)
    NetFlag                                  0x20000034   Data           1  zigbee.o(.data)
    TIM_SetCompare                           0x20000038   Data          32  timer.o(.data)
    MilliSecond                              0x20000058   Data           8  timer.o(.data)
    TI0CD                                    0x20000060   Data           8  timer.o(.data)
    TI1CD                                    0x20000068   Data           8  timer.o(.data)
    TI2CD                                    0x20000070   Data           8  timer.o(.data)
    TI3CD                                    0x20000078   Data           8  timer.o(.data)
    USART1_RX_BUF                            0x20000080   Data         200  usart.o(.bss)
    USART2_RX_BUF                            0x20000148   Data         200  usart.o(.bss)
    PWMval                                   0x20000210   Data          16  timer.o(.bss)
    __initial_sp                             0x20000620   Data           0  startup_stm32f40_41xxx.o(STACK)



==============================================================================

Memory Map of the image

  Image Entry point : 0x08000189

  Load Region LR_IROM1 (Base: 0x08000000, Size: 0x00002014, Max: 0x00100000, ABSOLUTE)

    Execution Region ER_IROM1 (Base: 0x08000000, Size: 0x00001f94, Max: 0x00100000, ABSOLUTE)

    Base Addr    Size         Type   Attr      Idx    E Section Name        Object

    0x08000000   0x00000188   Data   RO          304    RESET               startup_stm32f40_41xxx.o
    0x08000188   0x00000000   Code   RO         2139  * .ARM.Collect$$$$00000000  mc_w.l(entry.o)
    0x08000188   0x00000004   Code   RO         2146    .ARM.Collect$$$$00000001  mc_w.l(entry2.o)
    0x0800018c   0x00000004   Code   RO         2149    .ARM.Collect$$$$00000004  mc_w.l(entry5.o)
    0x08000190   0x00000000   Code   RO         2151    .ARM.Collect$$$$00000008  mc_w.l(entry7b.o)
    0x08000190   0x00000000   Code   RO         2153    .ARM.Collect$$$$0000000A  mc_w.l(entry8b.o)
    0x08000190   0x00000008   Code   RO         2154    .ARM.Collect$$$$0000000B  mc_w.l(entry9a.o)
    0x08000198   0x00000000   Code   RO         2156    .ARM.Collect$$$$0000000D  mc_w.l(entry10a.o)
    0x08000198   0x00000000   Code   RO         2158    .ARM.Collect$$$$0000000F  mc_w.l(entry11a.o)
    0x08000198   0x00000004   Code   RO         2147    .ARM.Collect$$$$00002712  mc_w.l(entry2.o)
    0x0800019c   0x00000024   Code   RO          305    .text               startup_stm32f40_41xxx.o
    0x080001c0   0x00000024   Code   RO         2142    .text               mc_w.l(memcpya.o)
    0x080001e4   0x00000024   Code   RO         2160    .text               mc_w.l(init.o)
    0x08000208   0x00000104   Code   RO         1673    i.Analyse_Custom_Data  usart.o
    0x0800030c   0x00000040   Code   RO         2032    i.BEEP_Init         beep.o
    0x0800034c   0x00000004   Code   RO          170    i.BusFault_Handler  stm32f4xx_it.o
    0x08000350   0x00000002   Code   RO          171    i.DebugMon_Handler  stm32f4xx_it.o
    0x08000352   0x00000002   PAD
    0x08000354   0x0000006c   Code   RO         2097    i.EXTI0_IRQHandler  exti.o
    0x080003c0   0x00000080   Code   RO         2098    i.EXTI0_Init        exti.o
    0x08000440   0x00000058   Code   RO         2099    i.EXTI1_IRQHandler  exti.o
    0x08000498   0x00000058   Code   RO         2100    i.EXTI2_IRQHandler  exti.o
    0x080004f0   0x00000058   Code   RO         2101    i.EXTI3_IRQHandler  exti.o
    0x08000548   0x0000000c   Code   RO         1032    i.EXTI_ClearITPendingBit  stm32f4xx_exti.o
    0x08000554   0x00000018   Code   RO         1036    i.EXTI_GetITStatus  stm32f4xx_exti.o
    0x0800056c   0x00000094   Code   RO         1037    i.EXTI_Init         stm32f4xx_exti.o
    0x08000600   0x00000090   Code   RO          356    i.GPIO_Init         stm32f4xx_gpio.o
    0x08000690   0x00000046   Code   RO          357    i.GPIO_PinAFConfig  stm32f4xx_gpio.o
    0x080006d6   0x00000004   Code   RO          363    i.GPIO_ResetBits    stm32f4xx_gpio.o
    0x080006da   0x00000004   Code   RO          364    i.GPIO_SetBits      stm32f4xx_gpio.o
    0x080006de   0x00000004   Code   RO          172    i.HardFault_Handler  stm32f4xx_it.o
    0x080006e2   0x00000002   PAD
    0x080006e4   0x0000004c   Code   RO         1846    i.IIC_Init          iic.o
    0x08000730   0x00000068   Code   RO         1849    i.IIC_Send_Byte     iic.o
    0x08000798   0x0000004c   Code   RO         1850    i.IIC_Start         iic.o
    0x080007e4   0x00000040   Code   RO         1851    i.IIC_Stop          iic.o
    0x08000824   0x00000060   Code   RO         1852    i.IIC_Wait_Ack      iic.o
    0x08000884   0x00000018   Code   RO         1907    i.LED_Close         led.o
    0x0800089c   0x00000040   Code   RO         1908    i.LED_Init          led.o
    0x080008dc   0x00000020   Code   RO         1909    i.LED_Light_Minus   led.o
    0x080008fc   0x00000020   Code   RO         1910    i.LED_Light_Plus    led.o
    0x0800091c   0x00000010   Code   RO         1911    i.LED_Light_Set     led.o
    0x0800092c   0x00000078   Code   RO         1912    i.LED_Mode          led.o
    0x080009a4   0x00000010   Code   RO         1913    i.LED_Open          led.o
    0x080009b4   0x00000004   Code   RO          173    i.MemManage_Handler  stm32f4xx_it.o
    0x080009b8   0x00000002   Code   RO          174    i.NMI_Handler       stm32f4xx_it.o
    0x080009ba   0x00000002   PAD
    0x080009bc   0x00000078   Code   RO          311    i.NVIC_Init         misc.o
    0x08000a34   0x00000014   Code   RO          312    i.NVIC_PriorityGroupConfig  misc.o
    0x08000a48   0x0000004c   Code   RO         1759    i.OLED_Clear        oled.o
    0x08000a94   0x000000c2   Code   RO         1760    i.OLED_Init         oled.o
    0x08000b56   0x0000004e   Code   RO         1762    i.OLED_Put_Char_8x16  oled.o
    0x08000ba4   0x0000002c   Code   RO         1768    i.OLED_Write_Byte   oled.o
    0x08000bd0   0x0000002c   Code   RO         1769    i.OLED_Write_Cmd    oled.o
    0x08000bfc   0x0000017c   Code   RO         1976    i.OpenNet           zigbee.o
    0x08000d78   0x00000002   Code   RO          175    i.PendSV_Handler    stm32f4xx_it.o
    0x08000d7a   0x00000002   PAD
    0x08000d7c   0x00000020   Code   RO          453    i.RCC_AHB1PeriphClockCmd  stm32f4xx_rcc.o
    0x08000d9c   0x00000020   Code   RO          462    i.RCC_APB1PeriphClockCmd  stm32f4xx_rcc.o
    0x08000dbc   0x00000020   Code   RO          465    i.RCC_APB2PeriphClockCmd  stm32f4xx_rcc.o
    0x08000ddc   0x000000e8   Code   RO          474    i.RCC_GetClocksFreq  stm32f4xx_rcc.o
    0x08000ec4   0x00000002   Code   RO          176    i.SVC_Handler       stm32f4xx_it.o
    0x08000ec6   0x00000002   PAD
    0x08000ec8   0x00000040   Code   RO          790    i.SYSCFG_EXTILineConfig  stm32f4xx_syscfg.o
    0x08000f08   0x00000108   Code   RO         1674    i.Send_Custom_Data  usart.o
    0x08001010   0x000000ec   Code   RO          267    i.SetSysClock       system_stm32f4xx.o
    0x080010fc   0x000000d8   Code   RO         1977    i.Set_SendDirection  zigbee.o
    0x080011d4   0x00000028   Code   RO          315    i.SysTick_CLKSourceConfig  misc.o
    0x080011fc   0x00000002   Code   RO          177    i.SysTick_Handler   stm32f4xx_it.o
    0x080011fe   0x00000002   PAD
    0x08001200   0x00000068   Code   RO          269    i.SystemInit        system_stm32f4xx.o
    0x08001268   0x00000030   Code   RO         2058    i.TIM2_IRQHandler   timer.o
    0x08001298   0x00000056   Code   RO         2059    i.TIM2_Int_Init     timer.o
    0x080012ee   0x00000002   PAD
    0x080012f0   0x00000154   Code   RO         2060    i.TIM3_PWM_Init     timer.o
    0x08001444   0x00000018   Code   RO         1097    i.TIM_ARRPreloadConfig  stm32f4xx_tim.o
    0x0800145c   0x00000006   Code   RO         1104    i.TIM_ClearITPendingBit  stm32f4xx_tim.o
    0x08001462   0x00000018   Code   RO         1109    i.TIM_Cmd           stm32f4xx_tim.o
    0x0800147a   0x00000022   Code   RO         1130    i.TIM_GetITStatus   stm32f4xx_tim.o
    0x0800149c   0x00000012   Code   RO         1134    i.TIM_ITConfig      stm32f4xx_tim.o
    0x080014ae   0x00000002   PAD
    0x080014b0   0x0000007c   Code   RO         1138    i.TIM_OC1Init       stm32f4xx_tim.o
    0x0800152c   0x00000012   Code   RO         1141    i.TIM_OC1PreloadConfig  stm32f4xx_tim.o
    0x0800153e   0x00000002   PAD
    0x08001540   0x000000a4   Code   RO         1143    i.TIM_OC2Init       stm32f4xx_tim.o
    0x080015e4   0x0000001a   Code   RO         1146    i.TIM_OC2PreloadConfig  stm32f4xx_tim.o
    0x080015fe   0x00000002   PAD
    0x08001600   0x000000a0   Code   RO         1148    i.TIM_OC3Init       stm32f4xx_tim.o
    0x080016a0   0x00000012   Code   RO         1151    i.TIM_OC3PreloadConfig  stm32f4xx_tim.o
    0x080016b2   0x00000002   PAD
    0x080016b4   0x00000078   Code   RO         1153    i.TIM_OC4Init       stm32f4xx_tim.o
    0x0800172c   0x0000001a   Code   RO         1155    i.TIM_OC4PreloadConfig  stm32f4xx_tim.o
    0x08001746   0x00000004   Code   RO         1171    i.TIM_SetCompare1   stm32f4xx_tim.o
    0x0800174a   0x00000004   Code   RO         1172    i.TIM_SetCompare2   stm32f4xx_tim.o
    0x0800174e   0x00000004   Code   RO         1173    i.TIM_SetCompare3   stm32f4xx_tim.o
    0x08001752   0x00000004   Code   RO         1174    i.TIM_SetCompare4   stm32f4xx_tim.o
    0x08001756   0x00000002   PAD
    0x08001758   0x00000084   Code   RO         1181    i.TIM_TimeBaseInit  stm32f4xx_tim.o
    0x080017dc   0x0000019c   Code   RO         1675    i.USART1_IRQHandler  usart.o
    0x08001978   0x000000b8   Code   RO         1676    i.USART1_Init       usart.o
    0x08001a30   0x00000012   Code   RO          843    i.USART_ClearFlag   stm32f4xx_usart.o
    0x08001a42   0x00000018   Code   RO          847    i.USART_Cmd         stm32f4xx_usart.o
    0x08001a5a   0x0000001a   Code   RO          850    i.USART_GetFlagStatus  stm32f4xx_usart.o
    0x08001a74   0x00000054   Code   RO          851    i.USART_GetITStatus  stm32f4xx_usart.o
    0x08001ac8   0x0000004a   Code   RO          853    i.USART_ITConfig    stm32f4xx_usart.o
    0x08001b12   0x00000002   PAD
    0x08001b14   0x000000d4   Code   RO          854    i.USART_Init        stm32f4xx_usart.o
    0x08001be8   0x0000000a   Code   RO          861    i.USART_ReceiveData  stm32f4xx_usart.o
    0x08001bf2   0x00000008   Code   RO          864    i.USART_SendData    stm32f4xx_usart.o
    0x08001bfa   0x00000002   PAD
    0x08001bfc   0x0000005c   Code   RO         1978    i.Upload_Address    zigbee.o
    0x08001c58   0x00000004   Code   RO          178    i.UsageFault_Handler  stm32f4xx_it.o
    0x08001c5c   0x000000e0   Code   RO         1979    i.Zigbee_Change_Mode  zigbee.o
    0x08001d3c   0x00000030   Code   RO         1980    i.Zigbee_Init       zigbee.o
    0x08001d6c   0x0000000e   Code   RO         2164    i.__scatterload_copy  mc_w.l(handlers.o)
    0x08001d7a   0x00000002   Code   RO         2165    i.__scatterload_null  mc_w.l(handlers.o)
    0x08001d7c   0x0000000e   Code   RO         2166    i.__scatterload_zeroinit  mc_w.l(handlers.o)
    0x08001d8a   0x00000002   PAD
    0x08001d8c   0x0000003c   Code   RO         1719    i.delay_init        delay.o
    0x08001dc8   0x00000038   Code   RO         1720    i.delay_ms          delay.o
    0x08001e00   0x0000004c   Code   RO         1721    i.delay_us          delay.o
    0x08001e4c   0x0000004c   Code   RO         1722    i.delay_xms         delay.o
    0x08001e98   0x000000dc   Code   RO            3    i.main              main.o
    0x08001f74   0x00000020   Data   RO         2162    Region$$Table       anon$$obj.o


    Execution Region RW_IRAM1 (Base: 0x20000000, Size: 0x00000620, Max: 0x00020000, ABSOLUTE)

    Base Addr    Size         Type   Attr      Idx    E Section Name        Object

    0x20000000   0x00000010   Data   RW          506    .data               stm32f4xx_rcc.o
    0x20000010   0x00000004   Data   RW         1679    .data               usart.o
    0x20000014   0x00000004   Data   RW         1723    .data               delay.o
    0x20000018   0x00000010   Data   RW         1915    .data               led.o
    0x20000028   0x0000000d   Data   RW         1982    .data               zigbee.o
    0x20000035   0x00000003   PAD
    0x20000038   0x00000048   Data   RW         2062    .data               timer.o
    0x20000080   0x00000190   Zero   RW         1677    .bss                usart.o
    0x20000210   0x00000010   Zero   RW         2061    .bss                timer.o
    0x20000220   0x00000400   Zero   RW          302    STACK               startup_stm32f40_41xxx.o


==============================================================================

Image component sizes


      Code (inc. data)   RO Data    RW Data    ZI Data      Debug   Object Name

        64          4          0          0          0        536   beep.o
       268         16          0          4          0       2467   delay.o
       500         66          0          0          0       2817   exti.o
       416         68          0          0          0       2801   iic.o
       304         54          0         16          0       4232   led.o
       220         22          0          0          0     284867   main.o
       180         24          0          0          0       2065   misc.o
       436          0          0          0          0       2973   oled.o
        36          8        392          0       1024        836   startup_stm32f40_41xxx.o
       184         16          0          0          0       2068   stm32f4xx_exti.o
       222          0          0          0          0       2851   stm32f4xx_gpio.o
        26          0          0          0          0       4046   stm32f4xx_it.o
       328         36          0         16          0       4607   stm32f4xx_rcc.o
        64          4          0          0          0        652   stm32f4xx_syscfg.o
       910         66          0          0          0      11721   stm32f4xx_tim.o
       456          8          0          0          0       5951   stm32f4xx_usart.o
       340         32          0          0          0       1465   system_stm32f4xx.o
       474         20          0         72         16       2806   timer.o
      1120         40          0          4        400       3845   usart.o
       960        110          0         13          0       4645   zigbee.o

    ----------------------------------------------------------------------
      7536        594        424        128       1440     348251   Object Totals
         0          0         32          0          0          0   (incl. Generated)
        28          0          0          3          0          0   (incl. Padding)

    ----------------------------------------------------------------------

      Code (inc. data)   RO Data    RW Data    ZI Data      Debug   Library Member Name

         0          0          0          0          0          0   entry.o
         0          0          0          0          0          0   entry10a.o
         0          0          0          0          0          0   entry11a.o
         8          4          0          0          0          0   entry2.o
         4          0          0          0          0          0   entry5.o
         0          0          0          0          0          0   entry7b.o
         0          0          0          0          0          0   entry8b.o
         8          4          0          0          0          0   entry9a.o
        30          0          0          0          0          0   handlers.o
        36          8          0          0          0         68   init.o
        36          0          0          0          0         68   memcpya.o

    ----------------------------------------------------------------------
       124         16          0          0          0        136   Library Totals
         2          0          0          0          0          0   (incl. Padding)

    ----------------------------------------------------------------------

      Code (inc. data)   RO Data    RW Data    ZI Data      Debug   Library Name

       122         16          0          0          0        136   mc_w.l

    ----------------------------------------------------------------------
       124         16          0          0          0        136   Library Totals

    ----------------------------------------------------------------------

==============================================================================


      Code (inc. data)   RO Data    RW Data    ZI Data      Debug   

      7660        610        424        128       1440     339891   Grand Totals
      7660        610        424        128       1440     339891   ELF Image Totals
      7660        610        424        128          0          0   ROM Totals

==============================================================================

    Total RO  Size (Code + RO Data)                 8084 (   7.89kB)
    Total RW  Size (RW Data + ZI Data)              1568 (   1.53kB)
    Total ROM Size (Code + RO Data + RW Data)       8212 (   8.02kB)

==============================================================================

